Welcome to Ubuntu 22.04.3 LTS (GNU/Linux 6.2.0-1019-gcp x86_64)

 * Documentation:  https://help.ubuntu.com
 * Management:     https://landscape.canonical.com
 * Support:        https://ubuntu.com/advantage

  System information as of Fri Dec  1 18:03:14 UTC 2023

  System load:  0.23291015625     Processes:             109
  Usage of /:   19.4% of 9.51GB   Users logged in:       0
  Memory usage: 26%               IPv4 address for ens4: 10.128.0.5
  Swap usage:   0%

Expanded Security Maintenance for Applications is not enabled.

0 updates can be applied immediately.

Enable ESM Apps to receive additional future security updates.
See https://ubuntu.com/esm or run: sudo pro status



The programs included with the Ubuntu system are free software;
the exact distribution terms for each program are described in the
individual files in /usr/share/doc/*/copyright.

Ubuntu comes with ABSOLUTELY NO WARRANTY, to the extent permitted by
applicable law.

a198bsy1933@paleapp:~$ sudo apt update && sudo apt upgrade && sudo apt full-upgrade -y
Hit:1 http://us-central1.gce.archive.ubuntu.com/ubuntu jammy InRelease
Get:2 http://us-central1.gce.archive.ubuntu.com/ubuntu jammy-updates InRelease [119 kB]
Get:3 http://us-central1.gce.archive.ubuntu.com/ubuntu jammy-backports InRelease [109 kB]
Get:4 http://security.ubuntu.com/ubuntu jammy-security InRelease [110 kB]
Get:5 http://us-central1.gce.archive.ubuntu.com/ubuntu jammy/universe amd64 Packages [14.1 MB]
Get:6 http://us-central1.gce.archive.ubuntu.com/ubuntu jammy/universe Translation-en [5652 kB]
Get:7 http://us-central1.gce.archive.ubuntu.com/ubuntu jammy/universe amd64 c-n-f Metadata [286 kB]
Get:8 http://us-central1.gce.archive.ubuntu.com/ubuntu jammy/multiverse amd64 Packages [217 kB]
Get:9 http://us-central1.gce.archive.ubuntu.com/ubuntu jammy/multiverse Translation-en [112 kB]
Get:10 http://us-central1.gce.archive.ubuntu.com/ubuntu jammy/multiverse amd64 c-n-f Metadata [8372 B]
Get:11 http://us-central1.gce.archive.ubuntu.com/ubuntu jammy-updates/main amd64 Packages [1212 kB]
Get:12 http://us-central1.gce.archive.ubuntu.com/ubuntu jammy-updates/universe amd64 Packages [1010 kB]
Get:13 http://us-central1.gce.archive.ubuntu.com/ubuntu jammy-updates/universe Translation-en [224 kB]
Get:14 http://us-central1.gce.archive.ubuntu.com/ubuntu jammy-updates/universe amd64 c-n-f Metadata [22.1 kB]
Get:15 http://us-central1.gce.archive.ubuntu.com/ubuntu jammy-updates/multiverse amd64 Packages [41.6 kB]
Get:16 http://us-central1.gce.archive.ubuntu.com/ubuntu jammy-updates/multiverse Translation-en [9768 B]
Get:17 http://us-central1.gce.archive.ubuntu.com/ubuntu jammy-updates/multiverse amd64 c-n-f Metadata [472 B]
Get:18 http://us-central1.gce.archive.ubuntu.com/ubuntu jammy-backports/main amd64 Packages [64.2 kB]
Get:19 http://us-central1.gce.archive.ubuntu.com/ubuntu jammy-backports/main Translation-en [10.5 kB]
Get:20 http://us-central1.gce.archive.ubuntu.com/ubuntu jammy-backports/main amd64 c-n-f Metadata [388 B]
Get:21 http://us-central1.gce.archive.ubuntu.com/ubuntu jammy-backports/restricted amd64 c-n-f Metadata [116 B]
Get:22 http://us-central1.gce.archive.ubuntu.com/ubuntu jammy-backports/universe amd64 Packages [27.8 kB]
Get:23 http://us-central1.gce.archive.ubuntu.com/ubuntu jammy-backports/universe Translation-en [16.5 kB]
Get:24 http://us-central1.gce.archive.ubuntu.com/ubuntu jammy-backports/universe amd64 c-n-f Metadata [644 B]
Get:25 http://us-central1.gce.archive.ubuntu.com/ubuntu jammy-backports/multiverse amd64 c-n-f Metadata [116 B]
Get:26 http://security.ubuntu.com/ubuntu jammy-security/universe amd64 Packages [807 kB]
Get:27 http://security.ubuntu.com/ubuntu jammy-security/universe Translation-en [150 kB]
Get:28 http://security.ubuntu.com/ubuntu jammy-security/universe amd64 c-n-f Metadata [16.8 kB]
Get:29 http://security.ubuntu.com/ubuntu jammy-security/multiverse amd64 Packages [36.5 kB]
Get:30 http://security.ubuntu.com/ubuntu jammy-security/multiverse Translation-en [7060 B]
Get:31 http://security.ubuntu.com/ubuntu jammy-security/multiverse amd64 c-n-f Metadata [260 B]
Fetched 24.4 MB in 4s (5466 kB/s)                               
Reading package lists... Done
Building dependency tree... Done
Reading state information... Done
All packages are up to date.
Reading package lists... Done
Building dependency tree... Done
Reading state information... Done
Calculating upgrade... Done
The following package was automatically installed and is no longer required:
  libnuma1
Use 'sudo apt autoremove' to remove it.
0 upgraded, 0 newly installed, 0 to remove and 0 not upgraded.
Reading package lists... Done
Building dependency tree... Done
Reading state information... Done
Calculating upgrade... Done
The following package was automatically installed and is no longer required:
  libnuma1
Use 'sudo apt autoremove' to remove it.
0 upgraded, 0 newly installed, 0 to remove and 0 not upgraded.
a198bsy1933@paleapp:~$ sudo apt install libnuma1
Reading package lists... Done
Building dependency tree... Done
Reading state information... Done
libnuma1 is already the newest version (2.0.14-3ubuntu2).
libnuma1 set to manually installed.
0 upgraded, 0 newly installed, 0 to remove and 0 not upgraded.
a198bsy1933@paleapp:~$ sudo apt install apache2
Reading package lists... Done
Building dependency tree... Done
Reading state information... Done
The following additional packages will be installed:
  apache2-bin apache2-data apache2-utils bzip2 libapr1 libaprutil1 libaprutil1-dbd-sqlite3 libaprutil1-ldap
  liblua5.3-0 mailcap mime-support ssl-cert
Suggested packages:
  apache2-doc apache2-suexec-pristine | apache2-suexec-custom www-browser bzip2-doc
The following NEW packages will be installed:
  apache2 apache2-bin apache2-data apache2-utils bzip2 libapr1 libaprutil1 libaprutil1-dbd-sqlite3 libaprutil1-ldap
  liblua5.3-0 mailcap mime-support ssl-cert
0 upgraded, 13 newly installed, 0 to remove and 0 not upgraded.
Need to get 2139 kB of archives.
After this operation, 8518 kB of additional disk space will be used.
Do you want to continue? [Y/n] Y
Get:1 http://us-central1.gce.archive.ubuntu.com/ubuntu jammy-updates/main amd64 libapr1 amd64 1.7.0-8ubuntu0.22.04.1 [108 kB]
Get:2 http://us-central1.gce.archive.ubuntu.com/ubuntu jammy-updates/main amd64 libaprutil1 amd64 1.6.1-5ubuntu4.22.04.2 [92.8 kB]
Get:3 http://us-central1.gce.archive.ubuntu.com/ubuntu jammy-updates/main amd64 libaprutil1-dbd-sqlite3 amd64 1.6.1-5ubuntu4.22.04.2 [11.3 kB]
Get:4 http://us-central1.gce.archive.ubuntu.com/ubuntu jammy-updates/main amd64 libaprutil1-ldap amd64 1.6.1-5ubuntu4.22.04.2 [9170 B]
Get:5 http://us-central1.gce.archive.ubuntu.com/ubuntu jammy/main amd64 liblua5.3-0 amd64 5.3.6-1build1 [140 kB]
Get:6 http://us-central1.gce.archive.ubuntu.com/ubuntu jammy-updates/main amd64 apache2-bin amd64 2.4.52-1ubuntu4.7 [1346 kB]
Get:7 http://us-central1.gce.archive.ubuntu.com/ubuntu jammy-updates/main amd64 apache2-data all 2.4.52-1ubuntu4.7 [165 kB]
Get:8 http://us-central1.gce.archive.ubuntu.com/ubuntu jammy-updates/main amd64 apache2-utils amd64 2.4.52-1ubuntu4.7 [88.8 kB]
Get:9 http://us-central1.gce.archive.ubuntu.com/ubuntu jammy/main amd64 mailcap all 3.70+nmu1ubuntu1 [23.8 kB]
Get:10 http://us-central1.gce.archive.ubuntu.com/ubuntu jammy/main amd64 mime-support all 3.66 [3696 B]
Get:11 http://us-central1.gce.archive.ubuntu.com/ubuntu jammy-updates/main amd64 apache2 amd64 2.4.52-1ubuntu4.7 [97.8 kB]
Get:12 http://us-central1.gce.archive.ubuntu.com/ubuntu jammy/main amd64 bzip2 amd64 1.0.8-5build1 [34.8 kB]
Get:13 http://us-central1.gce.archive.ubuntu.com/ubuntu jammy/main amd64 ssl-cert all 1.1.2 [17.4 kB]
Fetched 2139 kB in 0s (16.9 MB/s)
Preconfiguring packages ...
Selecting previously unselected package libapr1:amd64.
(Reading database ... 65505 files and directories currently installed.)
Preparing to unpack .../00-libapr1_1.7.0-8ubuntu0.22.04.1_amd64.deb ...
Unpacking libapr1:amd64 (1.7.0-8ubuntu0.22.04.1) ...
Selecting previously unselected package libaprutil1:amd64.
Preparing to unpack .../01-libaprutil1_1.6.1-5ubuntu4.22.04.2_amd64.deb ...
Unpacking libaprutil1:amd64 (1.6.1-5ubuntu4.22.04.2) ...
Selecting previously unselected package libaprutil1-dbd-sqlite3:amd64.
Preparing to unpack .../02-libaprutil1-dbd-sqlite3_1.6.1-5ubuntu4.22.04.2_amd64.deb ...
Unpacking libaprutil1-dbd-sqlite3:amd64 (1.6.1-5ubuntu4.22.04.2) ...
Selecting previously unselected package libaprutil1-ldap:amd64.
Preparing to unpack .../03-libaprutil1-ldap_1.6.1-5ubuntu4.22.04.2_amd64.deb ...
Unpacking libaprutil1-ldap:amd64 (1.6.1-5ubuntu4.22.04.2) ...
Selecting previously unselected package liblua5.3-0:amd64.
Preparing to unpack .../04-liblua5.3-0_5.3.6-1build1_amd64.deb ...
Unpacking liblua5.3-0:amd64 (5.3.6-1build1) ...
Selecting previously unselected package apache2-bin.
Preparing to unpack .../05-apache2-bin_2.4.52-1ubuntu4.7_amd64.deb ...
Unpacking apache2-bin (2.4.52-1ubuntu4.7) ...
Selecting previously unselected package apache2-data.
Preparing to unpack .../06-apache2-data_2.4.52-1ubuntu4.7_all.deb ...
Unpacking apache2-data (2.4.52-1ubuntu4.7) ...
Selecting previously unselected package apache2-utils.
Preparing to unpack .../07-apache2-utils_2.4.52-1ubuntu4.7_amd64.deb ...
Unpacking apache2-utils (2.4.52-1ubuntu4.7) ...
Selecting previously unselected package mailcap.
Preparing to unpack .../08-mailcap_3.70+nmu1ubuntu1_all.deb ...
Unpacking mailcap (3.70+nmu1ubuntu1) ...
Selecting previously unselected package mime-support.
Preparing to unpack .../09-mime-support_3.66_all.deb ...
Unpacking mime-support (3.66) ...
Selecting previously unselected package apache2.
Preparing to unpack .../10-apache2_2.4.52-1ubuntu4.7_amd64.deb ...
Unpacking apache2 (2.4.52-1ubuntu4.7) ...
Selecting previously unselected package bzip2.
Preparing to unpack .../11-bzip2_1.0.8-5build1_amd64.deb ...
Unpacking bzip2 (1.0.8-5build1) ...
Selecting previously unselected package ssl-cert.
Preparing to unpack .../12-ssl-cert_1.1.2_all.deb ...
Unpacking ssl-cert (1.1.2) ...
Setting up libapr1:amd64 (1.7.0-8ubuntu0.22.04.1) ...
Setting up bzip2 (1.0.8-5build1) ...
Setting up ssl-cert (1.1.2) ...
Setting up liblua5.3-0:amd64 (5.3.6-1build1) ...
Setting up apache2-data (2.4.52-1ubuntu4.7) ...
Setting up mailcap (3.70+nmu1ubuntu1) ...
Setting up libaprutil1:amd64 (1.6.1-5ubuntu4.22.04.2) ...
Setting up mime-support (3.66) ...
Setting up libaprutil1-ldap:amd64 (1.6.1-5ubuntu4.22.04.2) ...
Setting up libaprutil1-dbd-sqlite3:amd64 (1.6.1-5ubuntu4.22.04.2) ...
Setting up apache2-utils (2.4.52-1ubuntu4.7) ...
Setting up apache2-bin (2.4.52-1ubuntu4.7) ...
Setting up apache2 (2.4.52-1ubuntu4.7) ...
Enabling module mpm_event.
Enabling module authz_core.
Enabling module authz_host.
Enabling module authn_core.
Enabling module auth_basic.
Enabling module access_compat.
Enabling module authn_file.
Enabling module authz_user.
Enabling module alias.
Enabling module dir.
Enabling module autoindex.
Enabling module env.
Enabling module mime.
Enabling module negotiation.
Enabling module setenvif.
Enabling module filter.
Enabling module deflate.
Enabling module status.
Enabling module reqtimeout.
Enabling conf charset.
Enabling conf localized-error-pages.
Enabling conf other-vhosts-access-log.
Enabling conf security.
Enabling conf serve-cgi-bin.
Enabling site 000-default.
Created symlink /etc/systemd/system/multi-user.target.wants/apache2.service → /lib/systemd/system/apache2.service.
Created symlink /etc/systemd/system/multi-user.target.wants/apache-htcacheclean.service → /lib/systemd/system/apache-htcacheclean.service.
Processing triggers for ufw (0.36.1-4ubuntu0.1) ...
Processing triggers for man-db (2.10.2-1) ...
Processing triggers for libc-bin (2.35-0ubuntu3.4) ...
Scanning processes...                                                                                                 
Scanning linux images...                                                                                              

Running kernel seems to be up-to-date.

No services need to be restarted.

No containers need to be restarted.

No user sessions are running outdated binaries.

No VM guests are running outdated hypervisor (qemu) binaries on this host.
a198bsy1933@paleapp:~$ sudo ufw app list
Available applications:
  Apache
  Apache Full
  Apache Secure
  OpenSSH
a198bsy1933@paleapp:~$ sudo ufw allow 'Apache'
Rules updated
Rules updated (v6)
a198bsy1933@paleapp:~$ sudo ufw status
Status: inactive
a198bsy1933@paleapp:~$ sudo systemctl status apache2
● apache2.service - The Apache HTTP Server
     Loaded: loaded (/lib/systemd/system/apache2.service; enabled; vendor preset: enabled)
     Active: active (running) since Fri 2023-12-01 18:05:38 UTC; 28s ago
       Docs: https://httpd.apache.org/docs/2.4/
   Main PID: 2552 (apache2)
      Tasks: 55 (limit: 1129)
     Memory: 5.1M
        CPU: 53ms
     CGroup: /system.slice/apache2.service
             ├─2552 /usr/sbin/apache2 -k start
             ├─2554 /usr/sbin/apache2 -k start
             └─2555 /usr/sbin/apache2 -k start

Dec 01 18:05:38 paleapp systemd[1]: Starting The Apache HTTP Server...
Dec 01 18:05:38 paleapp systemd[1]: Started The Apache HTTP Server.
a198bsy1933@paleapp:~$ hostname -I
10.128.0.5 
a198bsy1933@paleapp:~$ curl -4 icanhazip.com
34.136.142.222
a198bsy1933@paleapp:~$ cd /var/www/html/
a198bsy1933@paleapp:/var/www/html$ ls
index.html
a198bsy1933@paleapp:/var/www/html$ sudo chown -R $USER:$USER /var/www/html/
a198bsy1933@paleapp:/var/www/html$ sudo chmod -R 755 /var/www/html/
a198bsy1933@paleapp:/var/www/html$ sudo apt update -y && sudo apt install mosquitto mosquitto-clients -y
Hit:1 http://us-central1.gce.archive.ubuntu.com/ubuntu jammy InRelease
Hit:2 http://us-central1.gce.archive.ubuntu.com/ubuntu jammy-updates InRelease
Hit:3 http://us-central1.gce.archive.ubuntu.com/ubuntu jammy-backports InRelease
Hit:4 http://security.ubuntu.com/ubuntu jammy-security InRelease
Reading package lists... Done                        
Building dependency tree... Done
Reading state information... Done
All packages are up to date.
Reading package lists... Done
Building dependency tree... Done
Reading state information... Done
The following additional packages will be installed:
  libcjson1 libdlt2 libev4 libmosquitto1 libwebsockets16
The following NEW packages will be installed:
  libcjson1 libdlt2 libev4 libmosquitto1 libwebsockets16 mosquitto mosquitto-clients
0 upgraded, 7 newly installed, 0 to remove and 0 not upgraded.
Need to get 648 kB of archives.
After this operation, 1967 kB of additional disk space will be used.
Get:1 http://us-central1.gce.archive.ubuntu.com/ubuntu jammy/universe amd64 libcjson1 amd64 1.7.15-1 [15.5 kB]
Get:2 http://us-central1.gce.archive.ubuntu.com/ubuntu jammy/universe amd64 libdlt2 amd64 2.18.6-2 [52.5 kB]
Get:3 http://us-central1.gce.archive.ubuntu.com/ubuntu jammy-updates/universe amd64 libmosquitto1 amd64 2.0.11-1ubuntu1.1 [51.8 kB]
Get:4 http://us-central1.gce.archive.ubuntu.com/ubuntu jammy/universe amd64 libev4 amd64 1:4.33-1 [29.4 kB]
Get:5 http://us-central1.gce.archive.ubuntu.com/ubuntu jammy/universe amd64 libwebsockets16 amd64 4.0.20-2ubuntu1 [188 kB]
Get:6 http://us-central1.gce.archive.ubuntu.com/ubuntu jammy-updates/universe amd64 mosquitto amd64 2.0.11-1ubuntu1.1 [239 kB]
Get:7 http://us-central1.gce.archive.ubuntu.com/ubuntu jammy-updates/universe amd64 mosquitto-clients amd64 2.0.11-1ubuntu1.1 [72.4 kB]
Fetched 648 kB in 1s (1169 kB/s)        
Selecting previously unselected package libcjson1:amd64.
(Reading database ... 66274 files and directories currently installed.)
Preparing to unpack .../0-libcjson1_1.7.15-1_amd64.deb ...
Unpacking libcjson1:amd64 (1.7.15-1) ...
Selecting previously unselected package libdlt2:amd64.
Preparing to unpack .../1-libdlt2_2.18.6-2_amd64.deb ...
Unpacking libdlt2:amd64 (2.18.6-2) ...
Selecting previously unselected package libmosquitto1:amd64.
Preparing to unpack .../2-libmosquitto1_2.0.11-1ubuntu1.1_amd64.deb ...
Unpacking libmosquitto1:amd64 (2.0.11-1ubuntu1.1) ...
Selecting previously unselected package libev4:amd64.
Preparing to unpack .../3-libev4_1%3a4.33-1_amd64.deb ...
Unpacking libev4:amd64 (1:4.33-1) ...
Selecting previously unselected package libwebsockets16:amd64.
Preparing to unpack .../4-libwebsockets16_4.0.20-2ubuntu1_amd64.deb ...
Unpacking libwebsockets16:amd64 (4.0.20-2ubuntu1) ...
Selecting previously unselected package mosquitto.
Preparing to unpack .../5-mosquitto_2.0.11-1ubuntu1.1_amd64.deb ...
Unpacking mosquitto (2.0.11-1ubuntu1.1) ...
Selecting previously unselected package mosquitto-clients.
Preparing to unpack .../6-mosquitto-clients_2.0.11-1ubuntu1.1_amd64.deb ...
Unpacking mosquitto-clients (2.0.11-1ubuntu1.1) ...
Setting up libmosquitto1:amd64 (2.0.11-1ubuntu1.1) ...
Setting up libev4:amd64 (1:4.33-1) ...
Setting up libcjson1:amd64 (1.7.15-1) ...
Setting up mosquitto-clients (2.0.11-1ubuntu1.1) ...
Setting up libdlt2:amd64 (2.18.6-2) ...
Setting up libwebsockets16:amd64 (4.0.20-2ubuntu1) ...
Setting up mosquitto (2.0.11-1ubuntu1.1) ...
Created symlink /etc/systemd/system/multi-user.target.wants/mosquitto.service → /lib/systemd/system/mosquitto.service.
Processing triggers for man-db (2.10.2-1) ...
Processing triggers for libc-bin (2.35-0ubuntu3.4) ...
Scanning processes...                                                                                                 
Scanning linux images...                                                                                              

Running kernel seems to be up-to-date.

No services need to be restarted.

No containers need to be restarted.

No user sessions are running outdated binaries.

No VM guests are running outdated hypervisor (qemu) binaries on this host.
a198bsy1933@paleapp:/var/www/html$ sudo systemctl start mosquitto
a198bsy1933@paleapp:/var/www/html$ sudo systemctl status mosquitto
● mosquitto.service - Mosquitto MQTT Broker
     Loaded: loaded (/lib/systemd/system/mosquitto.service; enabled; vendor preset: enabled)
     Active: active (running) since Fri 2023-12-01 18:12:07 UTC; 37s ago
       Docs: man:mosquitto.conf(5)
             man:mosquitto(8)
    Process: 3552 ExecStartPre=/bin/mkdir -m 740 -p /var/log/mosquitto (code=exited, status=0/SUCCESS)
    Process: 3553 ExecStartPre=/bin/chown mosquitto /var/log/mosquitto (code=exited, status=0/SUCCESS)
    Process: 3554 ExecStartPre=/bin/mkdir -m 740 -p /run/mosquitto (code=exited, status=0/SUCCESS)
    Process: 3555 ExecStartPre=/bin/chown mosquitto /run/mosquitto (code=exited, status=0/SUCCESS)
   Main PID: 3556 (mosquitto)
      Tasks: 1 (limit: 1129)
     Memory: 1.4M
        CPU: 47ms
     CGroup: /system.slice/mosquitto.service
             └─3556 /usr/sbin/mosquitto -c /etc/mosquitto/mosquitto.conf

Dec 01 18:12:07 paleapp systemd[1]: Starting Mosquitto MQTT Broker...
Dec 01 18:12:07 paleapp systemd[1]: Started Mosquitto MQTT Broker.
a198bsy1933@paleapp:/var/www/html$ sudo apt update -y && sudo apt remove mosquitto mosquitto-clients -y
Hit:1 http://us-central1.gce.archive.ubuntu.com/ubuntu jammy InRelease
Hit:2 http://us-central1.gce.archive.ubuntu.com/ubuntu jammy-updates InRelease
Hit:3 http://us-central1.gce.archive.ubuntu.com/ubuntu jammy-backports InRelease
Hit:4 http://security.ubuntu.com/ubuntu jammy-security InRelease
Reading package lists... Done                          
Building dependency tree... Done
Reading state information... Done
All packages are up to date.
Reading package lists... Done
Building dependency tree... Done
Reading state information... Done
The following packages were automatically installed and are no longer required:
  libcjson1 libdlt2 libev4 libmosquitto1 libwebsockets16
Use 'sudo apt autoremove' to remove them.
The following packages will be REMOVED:
  mosquitto mosquitto-clients
0 upgraded, 0 newly installed, 2 to remove and 0 not upgraded.
After this operation, 1023 kB disk space will be freed.
(Reading database ... 66345 files and directories currently installed.)
Removing mosquitto (2.0.11-1ubuntu1.1) ...
Removing mosquitto-clients (2.0.11-1ubuntu1.1) ...
Processing triggers for man-db (2.10.2-1) ...
Processing triggers for libc-bin (2.35-0ubuntu3.4) ...
a198bsy1933@paleapp:/var/www/html$ sudo apt update -y && sudo apt purge mosquitto mosquitto-clients -y
Hit:1 http://us-central1.gce.archive.ubuntu.com/ubuntu jammy InRelease
Hit:2 http://us-central1.gce.archive.ubuntu.com/ubuntu jammy-updates InRelease
Hit:3 http://us-central1.gce.archive.ubuntu.com/ubuntu jammy-backports InRelease
Hit:4 http://security.ubuntu.com/ubuntu jammy-security InRelease
Reading package lists... Done
Building dependency tree... Done
Reading state information... Done
All packages are up to date.
Reading package lists... Done
Building dependency tree... Done
Reading state information... Done
Package 'mosquitto-clients' is not installed, so not removed
The following packages were automatically installed and are no longer required:
  libcjson1 libdlt2 libev4 libmosquitto1 libwebsockets16
Use 'sudo apt autoremove' to remove them.
The following packages will be REMOVED:
  mosquitto*
0 upgraded, 0 newly installed, 1 to remove and 0 not upgraded.
After this operation, 0 B of additional disk space will be used.
(Reading database ... 66312 files and directories currently installed.)
Purging configuration files for mosquitto (2.0.11-1ubuntu1.1) ...
a198bsy1933@paleapp:/var/www/html$ systemctl status mosquitto
Unit mosquitto.service could not be found.
a198bsy1933@paleapp:/var/www/html$ sudo apt install apt-transport-https ca-certificates curl software-properties-common
Reading package lists... Done
Building dependency tree... Done
Reading state information... Done
ca-certificates is already the newest version (20230311ubuntu0.22.04.1).
ca-certificates set to manually installed.
curl is already the newest version (7.81.0-1ubuntu1.14).
curl set to manually installed.
software-properties-common is already the newest version (0.99.22.8).
software-properties-common set to manually installed.
The following packages were automatically installed and are no longer required:
  libcjson1 libdlt2 libev4 libmosquitto1 libwebsockets16
Use 'sudo apt autoremove' to remove them.
The following NEW packages will be installed:
  apt-transport-https
0 upgraded, 1 newly installed, 0 to remove and 0 not upgraded.
Need to get 1510 B of archives.
After this operation, 170 kB of additional disk space will be used.
Do you want to continue? [Y/n] Y
Get:1 http://us-central1.gce.archive.ubuntu.com/ubuntu jammy-updates/universe amd64 apt-transport-https all 2.4.11 [1510 B]
Fetched 1510 B in 0s (56.4 kB/s)        
Selecting previously unselected package apt-transport-https.
(Reading database ... 66298 files and directories currently installed.)
Preparing to unpack .../apt-transport-https_2.4.11_all.deb ...
Unpacking apt-transport-https (2.4.11) ...
Setting up apt-transport-https (2.4.11) ...
Scanning processes...                                                                                                 
Scanning linux images...                                                                                              

Running kernel seems to be up-to-date.

No services need to be restarted.

No containers need to be restarted.

No user sessions are running outdated binaries.

No VM guests are running outdated hypervisor (qemu) binaries on this host.
a198bsy1933@paleapp:/var/www/html$ curl -fsSL https://download.docker.com/linux/ubuntu/gpg | sudo gpg --dearmor -o /usr/share/keyrings/docker-archive-keyring.gpg
a198bsy1933@paleapp:/var/www/html$ echo "deb [arch=$(dpkg --print-architecture) signed-by=/usr/share/keyrings/docker-archive-keyring.gpg] https://download.docker.com/linux/ubuntu $(lsb_release -cs) stable" | sudo tee /etc/apt/sources.list.d/docker.list > /dev/null
a198bsy1933@paleapp:/var/www/html$ sudo apt update
Hit:1 http://us-central1.gce.archive.ubuntu.com/ubuntu jammy InRelease
Hit:2 http://us-central1.gce.archive.ubuntu.com/ubuntu jammy-updates InRelease           
Hit:3 http://us-central1.gce.archive.ubuntu.com/ubuntu jammy-backports InRelease         
Hit:4 http://security.ubuntu.com/ubuntu jammy-security InRelease                                        
Get:5 https://download.docker.com/linux/ubuntu jammy InRelease [48.8 kB]                                
Get:6 https://download.docker.com/linux/ubuntu jammy/stable amd64 Packages [22.9 kB]
Fetched 71.7 kB in 1s (79.3 kB/s)     
Reading package lists... Done
Building dependency tree... Done
Reading state information... Done
All packages are up to date.
a198bsy1933@paleapp:/var/www/html$ sudo apt install docker-ce
Reading package lists... Done
Building dependency tree... Done
Reading state information... Done
The following packages were automatically installed and are no longer required:
  libcjson1 libdlt2 libev4 libmosquitto1 libwebsockets16
Use 'sudo apt autoremove' to remove them.
The following additional packages will be installed:
  containerd.io docker-buildx-plugin docker-ce-cli docker-ce-rootless-extras docker-compose-plugin libltdl7
  libslirp0 pigz slirp4netns
Suggested packages:
  aufs-tools cgroupfs-mount | cgroup-lite
The following NEW packages will be installed:
  containerd.io docker-buildx-plugin docker-ce docker-ce-cli docker-ce-rootless-extras docker-compose-plugin
  libltdl7 libslirp0 pigz slirp4netns
0 upgraded, 10 newly installed, 0 to remove and 0 not upgraded.
Need to get 114 MB of archives.
After this operation, 409 MB of additional disk space will be used.
Do you want to continue? [Y/n] Y
Get:1 http://us-central1.gce.archive.ubuntu.com/ubuntu jammy/universe amd64 pigz amd64 2.6-1 [63.6 kB]
Get:2 http://us-central1.gce.archive.ubuntu.com/ubuntu jammy/main amd64 libltdl7 amd64 2.4.6-15build2 [39.6 kB]
Get:3 http://us-central1.gce.archive.ubuntu.com/ubuntu jammy/main amd64 libslirp0 amd64 4.6.1-1build1 [61.5 kB]
Get:4 http://us-central1.gce.archive.ubuntu.com/ubuntu jammy/universe amd64 slirp4netns amd64 1.0.1-2 [28.2 kB]
Get:5 https://download.docker.com/linux/ubuntu jammy/stable amd64 containerd.io amd64 1.6.25-1 [28.7 MB]
Get:6 https://download.docker.com/linux/ubuntu jammy/stable amd64 docker-buildx-plugin amd64 0.11.2-1~ubuntu.22.04~jammy [28.2 MB]
Get:7 https://download.docker.com/linux/ubuntu jammy/stable amd64 docker-ce-cli amd64 5:24.0.7-1~ubuntu.22.04~jammy [13.3 MB]
Get:8 https://download.docker.com/linux/ubuntu jammy/stable amd64 docker-ce amd64 5:24.0.7-1~ubuntu.22.04~jammy [22.6 MB]
Get:9 https://download.docker.com/linux/ubuntu jammy/stable amd64 docker-ce-rootless-extras amd64 5:24.0.7-1~ubuntu.22.04~jammy [9030 kB]
Get:10 https://download.docker.com/linux/ubuntu jammy/stable amd64 docker-compose-plugin amd64 2.21.0-1~ubuntu.22.04~jammy [11.9 MB]
Fetched 114 MB in 2s (55.1 MB/s)                 
Selecting previously unselected package pigz.
(Reading database ... 66302 files and directories currently installed.)
Preparing to unpack .../0-pigz_2.6-1_amd64.deb ...
Unpacking pigz (2.6-1) ...
Selecting previously unselected package containerd.io.
Preparing to unpack .../1-containerd.io_1.6.25-1_amd64.deb ...
Unpacking containerd.io (1.6.25-1) ...
Selecting previously unselected package docker-buildx-plugin.
Preparing to unpack .../2-docker-buildx-plugin_0.11.2-1~ubuntu.22.04~jammy_amd64.deb ...
Unpacking docker-buildx-plugin (0.11.2-1~ubuntu.22.04~jammy) ...
Selecting previously unselected package docker-ce-cli.
Preparing to unpack .../3-docker-ce-cli_5%3a24.0.7-1~ubuntu.22.04~jammy_amd64.deb ...
Unpacking docker-ce-cli (5:24.0.7-1~ubuntu.22.04~jammy) ...
Selecting previously unselected package docker-ce.
Preparing to unpack .../4-docker-ce_5%3a24.0.7-1~ubuntu.22.04~jammy_amd64.deb ...
Unpacking docker-ce (5:24.0.7-1~ubuntu.22.04~jammy) ...
Selecting previously unselected package docker-ce-rootless-extras.
Preparing to unpack .../5-docker-ce-rootless-extras_5%3a24.0.7-1~ubuntu.22.04~jammy_amd64.deb ...
Unpacking docker-ce-rootless-extras (5:24.0.7-1~ubuntu.22.04~jammy) ...
Selecting previously unselected package docker-compose-plugin.
Preparing to unpack .../6-docker-compose-plugin_2.21.0-1~ubuntu.22.04~jammy_amd64.deb ...
Unpacking docker-compose-plugin (2.21.0-1~ubuntu.22.04~jammy) ...
Selecting previously unselected package libltdl7:amd64.
Preparing to unpack .../7-libltdl7_2.4.6-15build2_amd64.deb ...
Unpacking libltdl7:amd64 (2.4.6-15build2) ...
Selecting previously unselected package libslirp0:amd64.
Preparing to unpack .../8-libslirp0_4.6.1-1build1_amd64.deb ...
Unpacking libslirp0:amd64 (4.6.1-1build1) ...
Selecting previously unselected package slirp4netns.
Preparing to unpack .../9-slirp4netns_1.0.1-2_amd64.deb ...
Unpacking slirp4netns (1.0.1-2) ...
Setting up docker-buildx-plugin (0.11.2-1~ubuntu.22.04~jammy) ...
Setting up containerd.io (1.6.25-1) ...
Created symlink /etc/systemd/system/multi-user.target.wants/containerd.service → /lib/systemd/system/containerd.service.
Setting up docker-compose-plugin (2.21.0-1~ubuntu.22.04~jammy) ...
Setting up libltdl7:amd64 (2.4.6-15build2) ...
Setting up docker-ce-cli (5:24.0.7-1~ubuntu.22.04~jammy) ...
Setting up libslirp0:amd64 (4.6.1-1build1) ...
Setting up pigz (2.6-1) ...
Setting up docker-ce-rootless-extras (5:24.0.7-1~ubuntu.22.04~jammy) ...
Setting up slirp4netns (1.0.1-2) ...
Setting up docker-ce (5:24.0.7-1~ubuntu.22.04~jammy) ...
Created symlink /etc/systemd/system/multi-user.target.wants/docker.service → /lib/systemd/system/docker.service.
Created symlink /etc/systemd/system/sockets.target.wants/docker.socket → /lib/systemd/system/docker.socket.
Processing triggers for man-db (2.10.2-1) ...
Processing triggers for libc-bin (2.35-0ubuntu3.4) ...
Scanning processes...                                                                                                 
Scanning linux images...                                                                                              

Running kernel seems to be up-to-date.

No services need to be restarted.

No containers need to be restarted.

No user sessions are running outdated binaries.

No VM guests are running outdated hypervisor (qemu) binaries on this host.
a198bsy1933@paleapp:/var/www/html$ sudo systemctl status docker
● docker.service - Docker Application Container Engine
     Loaded: loaded (/lib/systemd/system/docker.service; enabled; vendor preset: enabled)
     Active: active (running) since Fri 2023-12-01 18:18:54 UTC; 33s ago
TriggeredBy: ● docker.socket
       Docs: https://docs.docker.com
   Main PID: 5717 (dockerd)
      Tasks: 9
     Memory: 34.1M
        CPU: 426ms
     CGroup: /system.slice/docker.service
             └─5717 /usr/bin/dockerd -H fd:// --containerd=/run/containerd/containerd.sock

Dec 01 18:18:53 paleapp systemd[1]: Starting Docker Application Container Engine...
Dec 01 18:18:53 paleapp dockerd[5717]: time="2023-12-01T18:18:53.344049501Z" level=info msg="Starting up"
Dec 01 18:18:53 paleapp dockerd[5717]: time="2023-12-01T18:18:53.345618806Z" level=info msg="detected 127.0.0.53 name>
Dec 01 18:18:53 paleapp dockerd[5717]: time="2023-12-01T18:18:53.489987187Z" level=info msg="Loading containers: star>
Dec 01 18:18:53 paleapp dockerd[5717]: time="2023-12-01T18:18:53.865250891Z" level=info msg="Loading containers: done>
Dec 01 18:18:53 paleapp dockerd[5717]: time="2023-12-01T18:18:53.965354625Z" level=info msg="Docker daemon" commit=31>
Dec 01 18:18:53 paleapp dockerd[5717]: time="2023-12-01T18:18:53.965547321Z" level=info msg="Daemon has completed ini>
Dec 01 18:18:54 paleapp dockerd[5717]: time="2023-12-01T18:18:54.014047528Z" level=info msg="API listen on /run/docke>
Dec 01 18:18:54 paleapp systemd[1]: Started Docker Application Container Engine.
a198bsy1933@paleapp:/var/www/html$ sudo su
root@paleapp:/var/www/html# mkdir -p /storage/mosquitto/config
mkdir -p /storage/mosquitto/data
mkdir -p /storage/mosquitto/log
root@paleapp:/var/www/html# cd /storage/mosquitto/
root@paleapp:/storage/mosquitto# ls
config  data  log
root@paleapp:/storage/mosquitto# ls
config  data  log
root@paleapp:/storage/mosquitto# cd config/
root@paleapp:/storage/mosquitto/config# nano mosquitto.conf
root@paleapp:/storage/mosquitto/config# ls
mosquitto.conf
root@paleapp:/storage/mosquitto/config# sudo docker run -itd \
--name=mqtt \
--restart=always \
--net=host \
-v /storage/mosquitto/config:/mqtt/config:ro \
-v /storage/mosquitto/data:/mqtt/data \
-v /storage/mosquitto/log:/mqtt/log \
toke/mosquitto
Unable to find image 'toke/mosquitto:latest' locally
latest: Pulling from toke/mosquitto
3d77ce4481b1: Pull complete 
846891b17e6d: Pull complete 
34157dd498aa: Pull complete 
ed5d19727749: Pull complete 
0969bf11f82b: Pull complete 
2e3e26bab9eb: Pull complete 
Digest: sha256:3c18df61133085cec34050ed3d2f851bbe8d883483fb9167a05c616950b5e94b
Status: Downloaded newer image for toke/mosquitto:latest
20ef91b5856f8bc66bd3f1d076fd1f653464a16b75c5efab8258ed1414068554
root@paleapp:/storage/mosquitto/config# docker run --restart=always -d -p 1880:1880 nodered/node-red
Unable to find image 'nodered/node-red:latest' locally
latest: Pulling from nodered/node-red
7264a8db6415: Pull complete 
eee371b9ce3f: Pull complete 
93b3025fe103: Pull complete 
d9059661ce70: Pull complete 
4236d7d994fd: Pull complete 
cb017d233b67: Pull complete 
3cb42d7fbd51: Pull complete 
4f4fb700ef54: Pull complete 
8f31d5134335: Pull complete 
5ad9c3255253: Pull complete 
497742320cb9: Pull complete 
a958ba4561a6: Pull complete 
8166caec5478: Pull complete 
6a8c8a0e7ff7: Pull complete 
6543abb11c6c: Pull complete 
a445fb7b608e: Pull complete 
fc3b08dc6476: Pull complete 
Digest: sha256:cf9749f31fdaee0a87a27aebf97ef6c051e1b6e77f021806f876055ae8d0b4c8
Status: Downloaded newer image for nodered/node-red:latest
4796bd4a7cb021c11ac39cde95c8d4266693da06e238034ad7f24af8d4cc2428
root@paleapp:/storage/mosquitto/config# docker ps
CONTAINER ID   IMAGE              COMMAND                  CREATED         STATUS                            PORTS                                       NAMES
4796bd4a7cb0   nodered/node-red   "./entrypoint.sh"        6 seconds ago   Up 3 seconds (health: starting)   0.0.0.0:1880->1880/tcp, :::1880->1880/tcp   peaceful_proskuriakova
20ef91b5856f   toke/mosquitto     "docker-entrypoint.s…"   2 minutes ago   Restarting (3) 27 seconds ago                                                 mqtt
root@paleapp:/storage/mosquitto/config# sudo apt install mysql-server
Reading package lists... Done
Building dependency tree... Done
Reading state information... Done
The following packages were automatically installed and are no longer required:
  libcjson1 libdlt2 libev4 libmosquitto1 libwebsockets16
Use 'sudo apt autoremove' to remove them.
The following additional packages will be installed:
  libcgi-fast-perl libcgi-pm-perl libclone-perl libencode-locale-perl libevent-pthreads-2.1-7 libfcgi-bin
  libfcgi-perl libfcgi0ldbl libhtml-parser-perl libhtml-tagset-perl libhtml-template-perl libhttp-date-perl
  libhttp-message-perl libio-html-perl liblwp-mediatypes-perl libmecab2 libprotobuf-lite23 libtimedate-perl
  liburi-perl mecab-ipadic mecab-ipadic-utf8 mecab-utils mysql-client-8.0 mysql-client-core-8.0 mysql-common
  mysql-server-8.0 mysql-server-core-8.0
Suggested packages:
  libdata-dump-perl libipc-sharedcache-perl libbusiness-isbn-perl libwww-perl mailx tinyca
The following NEW packages will be installed:
  libcgi-fast-perl libcgi-pm-perl libclone-perl libencode-locale-perl libevent-pthreads-2.1-7 libfcgi-bin
  libfcgi-perl libfcgi0ldbl libhtml-parser-perl libhtml-tagset-perl libhtml-template-perl libhttp-date-perl
  libhttp-message-perl libio-html-perl liblwp-mediatypes-perl libmecab2 libprotobuf-lite23 libtimedate-perl
  liburi-perl mecab-ipadic mecab-ipadic-utf8 mecab-utils mysql-client-8.0 mysql-client-core-8.0 mysql-common
  mysql-server mysql-server-8.0 mysql-server-core-8.0
0 upgraded, 28 newly installed, 0 to remove and 0 not upgraded.
Need to get 29.6 MB of archives.
After this operation, 243 MB of additional disk space will be used.
Do you want to continue? [Y/n] Y
Get:1 http://us-central1.gce.archive.ubuntu.com/ubuntu jammy/main amd64 mysql-common all 5.8+1.0.8 [7212 B]
Get:2 http://us-central1.gce.archive.ubuntu.com/ubuntu jammy-updates/main amd64 mysql-client-core-8.0 amd64 8.0.35-0ubuntu0.22.04.1 [2682 kB]
Get:3 http://us-central1.gce.archive.ubuntu.com/ubuntu jammy-updates/main amd64 mysql-client-8.0 amd64 8.0.35-0ubuntu0.22.04.1 [22.7 kB]
Get:4 http://us-central1.gce.archive.ubuntu.com/ubuntu jammy/main amd64 libevent-pthreads-2.1-7 amd64 2.1.12-stable-1build3 [7642 B]
Get:5 http://us-central1.gce.archive.ubuntu.com/ubuntu jammy/main amd64 libmecab2 amd64 0.996-14build9 [199 kB]
Get:6 http://us-central1.gce.archive.ubuntu.com/ubuntu jammy-updates/main amd64 libprotobuf-lite23 amd64 3.12.4-1ubuntu7.22.04.1 [209 kB]
Get:7 http://us-central1.gce.archive.ubuntu.com/ubuntu jammy-updates/main amd64 mysql-server-core-8.0 amd64 8.0.35-0ubuntu0.22.04.1 [17.6 MB]
Get:8 http://us-central1.gce.archive.ubuntu.com/ubuntu jammy-updates/main amd64 mysql-server-8.0 amd64 8.0.35-0ubuntu0.22.04.1 [1438 kB]
Get:9 http://us-central1.gce.archive.ubuntu.com/ubuntu jammy/main amd64 libhtml-tagset-perl all 3.20-4 [12.5 kB]
Get:10 http://us-central1.gce.archive.ubuntu.com/ubuntu jammy/main amd64 liburi-perl all 5.10-1 [78.8 kB]
Get:11 http://us-central1.gce.archive.ubuntu.com/ubuntu jammy/main amd64 libhtml-parser-perl amd64 3.76-1build2 [88.4 kB]
Get:12 http://us-central1.gce.archive.ubuntu.com/ubuntu jammy/main amd64 libcgi-pm-perl all 4.54-1 [188 kB]
Get:13 http://us-central1.gce.archive.ubuntu.com/ubuntu jammy/main amd64 libfcgi0ldbl amd64 2.4.2-2build2 [28.0 kB]
Get:14 http://us-central1.gce.archive.ubuntu.com/ubuntu jammy/main amd64 libfcgi-perl amd64 0.82+ds-1build1 [22.8 kB]
Get:15 http://us-central1.gce.archive.ubuntu.com/ubuntu jammy/main amd64 libcgi-fast-perl all 1:2.15-1 [10.5 kB]
Get:16 http://us-central1.gce.archive.ubuntu.com/ubuntu jammy/main amd64 libclone-perl amd64 0.45-1build3 [11.0 kB]
Get:17 http://us-central1.gce.archive.ubuntu.com/ubuntu jammy/main amd64 libencode-locale-perl all 1.05-1.1 [11.8 kB]
Get:18 http://us-central1.gce.archive.ubuntu.com/ubuntu jammy/main amd64 libfcgi-bin amd64 2.4.2-2build2 [11.2 kB]
Get:19 http://us-central1.gce.archive.ubuntu.com/ubuntu jammy/main amd64 libhtml-template-perl all 2.97-1.1 [59.1 kB]
Get:20 http://us-central1.gce.archive.ubuntu.com/ubuntu jammy/main amd64 libtimedate-perl all 2.3300-2 [34.0 kB]
Get:21 http://us-central1.gce.archive.ubuntu.com/ubuntu jammy/main amd64 libhttp-date-perl all 6.05-1 [9920 B]
Get:22 http://us-central1.gce.archive.ubuntu.com/ubuntu jammy/main amd64 libio-html-perl all 1.004-2 [15.4 kB]
Get:23 http://us-central1.gce.archive.ubuntu.com/ubuntu jammy/main amd64 liblwp-mediatypes-perl all 6.04-1 [19.5 kB]
Get:24 http://us-central1.gce.archive.ubuntu.com/ubuntu jammy/main amd64 libhttp-message-perl all 6.36-1 [76.8 kB]
Get:25 http://us-central1.gce.archive.ubuntu.com/ubuntu jammy/main amd64 mecab-utils amd64 0.996-14build9 [4850 B]
Get:26 http://us-central1.gce.archive.ubuntu.com/ubuntu jammy/main amd64 mecab-ipadic all 2.7.0-20070801+main-3 [6718 kB]
Get:27 http://us-central1.gce.archive.ubuntu.com/ubuntu jammy/main amd64 mecab-ipadic-utf8 all 2.7.0-20070801+main-3 [4384 B]
Get:28 http://us-central1.gce.archive.ubuntu.com/ubuntu jammy-updates/main amd64 mysql-server all 8.0.35-0ubuntu0.22.04.1 [9464 B]
Fetched 29.6 MB in 1s (20.1 MB/s)  
Preconfiguring packages ...
Selecting previously unselected package mysql-common.
(Reading database ... 66569 files and directories currently installed.)
Preparing to unpack .../0-mysql-common_5.8+1.0.8_all.deb ...
Unpacking mysql-common (5.8+1.0.8) ...
Selecting previously unselected package mysql-client-core-8.0.
Preparing to unpack .../1-mysql-client-core-8.0_8.0.35-0ubuntu0.22.04.1_amd64.deb ...
Unpacking mysql-client-core-8.0 (8.0.35-0ubuntu0.22.04.1) ...
Selecting previously unselected package mysql-client-8.0.
Preparing to unpack .../2-mysql-client-8.0_8.0.35-0ubuntu0.22.04.1_amd64.deb ...
Unpacking mysql-client-8.0 (8.0.35-0ubuntu0.22.04.1) ...
Selecting previously unselected package libevent-pthreads-2.1-7:amd64.
Preparing to unpack .../3-libevent-pthreads-2.1-7_2.1.12-stable-1build3_amd64.deb ...
Unpacking libevent-pthreads-2.1-7:amd64 (2.1.12-stable-1build3) ...
Selecting previously unselected package libmecab2:amd64.
Preparing to unpack .../4-libmecab2_0.996-14build9_amd64.deb ...
Unpacking libmecab2:amd64 (0.996-14build9) ...
Selecting previously unselected package libprotobuf-lite23:amd64.
Preparing to unpack .../5-libprotobuf-lite23_3.12.4-1ubuntu7.22.04.1_amd64.deb ...
Unpacking libprotobuf-lite23:amd64 (3.12.4-1ubuntu7.22.04.1) ...
Selecting previously unselected package mysql-server-core-8.0.
Preparing to unpack .../6-mysql-server-core-8.0_8.0.35-0ubuntu0.22.04.1_amd64.deb ...
Unpacking mysql-server-core-8.0 (8.0.35-0ubuntu0.22.04.1) ...
Setting up mysql-common (5.8+1.0.8) ...
update-alternatives: using /etc/mysql/my.cnf.fallback to provide /etc/mysql/my.cnf (my.cnf) in auto mode
Selecting previously unselected package mysql-server-8.0.
(Reading database ... 66783 files and directories currently installed.)
Preparing to unpack .../00-mysql-server-8.0_8.0.35-0ubuntu0.22.04.1_amd64.deb ...
Unpacking mysql-server-8.0 (8.0.35-0ubuntu0.22.04.1) ...
Selecting previously unselected package libhtml-tagset-perl.
Preparing to unpack .../01-libhtml-tagset-perl_3.20-4_all.deb ...
Unpacking libhtml-tagset-perl (3.20-4) ...
Selecting previously unselected package liburi-perl.
Preparing to unpack .../02-liburi-perl_5.10-1_all.deb ...
Unpacking liburi-perl (5.10-1) ...
Selecting previously unselected package libhtml-parser-perl:amd64.
Preparing to unpack .../03-libhtml-parser-perl_3.76-1build2_amd64.deb ...
Unpacking libhtml-parser-perl:amd64 (3.76-1build2) ...
Selecting previously unselected package libcgi-pm-perl.
Preparing to unpack .../04-libcgi-pm-perl_4.54-1_all.deb ...
Unpacking libcgi-pm-perl (4.54-1) ...
Selecting previously unselected package libfcgi0ldbl:amd64.
Preparing to unpack .../05-libfcgi0ldbl_2.4.2-2build2_amd64.deb ...
Unpacking libfcgi0ldbl:amd64 (2.4.2-2build2) ...
Selecting previously unselected package libfcgi-perl:amd64.
Preparing to unpack .../06-libfcgi-perl_0.82+ds-1build1_amd64.deb ...
Unpacking libfcgi-perl:amd64 (0.82+ds-1build1) ...
Selecting previously unselected package libcgi-fast-perl.
Preparing to unpack .../07-libcgi-fast-perl_1%3a2.15-1_all.deb ...
Unpacking libcgi-fast-perl (1:2.15-1) ...
Selecting previously unselected package libclone-perl.
Preparing to unpack .../08-libclone-perl_0.45-1build3_amd64.deb ...
Unpacking libclone-perl (0.45-1build3) ...
Selecting previously unselected package libencode-locale-perl.
Preparing to unpack .../09-libencode-locale-perl_1.05-1.1_all.deb ...
Unpacking libencode-locale-perl (1.05-1.1) ...
Selecting previously unselected package libfcgi-bin.
Preparing to unpack .../10-libfcgi-bin_2.4.2-2build2_amd64.deb ...
Unpacking libfcgi-bin (2.4.2-2build2) ...
Selecting previously unselected package libhtml-template-perl.
Preparing to unpack .../11-libhtml-template-perl_2.97-1.1_all.deb ...
Unpacking libhtml-template-perl (2.97-1.1) ...
Selecting previously unselected package libtimedate-perl.
Preparing to unpack .../12-libtimedate-perl_2.3300-2_all.deb ...
Unpacking libtimedate-perl (2.3300-2) ...
Selecting previously unselected package libhttp-date-perl.
Preparing to unpack .../13-libhttp-date-perl_6.05-1_all.deb ...
Unpacking libhttp-date-perl (6.05-1) ...
Selecting previously unselected package libio-html-perl.
Preparing to unpack .../14-libio-html-perl_1.004-2_all.deb ...
Unpacking libio-html-perl (1.004-2) ...
Selecting previously unselected package liblwp-mediatypes-perl.
Preparing to unpack .../15-liblwp-mediatypes-perl_6.04-1_all.deb ...
Unpacking liblwp-mediatypes-perl (6.04-1) ...
Selecting previously unselected package libhttp-message-perl.
Preparing to unpack .../16-libhttp-message-perl_6.36-1_all.deb ...
Unpacking libhttp-message-perl (6.36-1) ...
Selecting previously unselected package mecab-utils.
Preparing to unpack .../17-mecab-utils_0.996-14build9_amd64.deb ...
Unpacking mecab-utils (0.996-14build9) ...
Selecting previously unselected package mecab-ipadic.
Preparing to unpack .../18-mecab-ipadic_2.7.0-20070801+main-3_all.deb ...
Unpacking mecab-ipadic (2.7.0-20070801+main-3) ...
Selecting previously unselected package mecab-ipadic-utf8.
Preparing to unpack .../19-mecab-ipadic-utf8_2.7.0-20070801+main-3_all.deb ...
Unpacking mecab-ipadic-utf8 (2.7.0-20070801+main-3) ...
Selecting previously unselected package mysql-server.
Preparing to unpack .../20-mysql-server_8.0.35-0ubuntu0.22.04.1_all.deb ...
Unpacking mysql-server (8.0.35-0ubuntu0.22.04.1) ...
Setting up libmecab2:amd64 (0.996-14build9) ...
Setting up mysql-client-core-8.0 (8.0.35-0ubuntu0.22.04.1) ...
Setting up libfcgi0ldbl:amd64 (2.4.2-2build2) ...
Setting up libclone-perl (0.45-1build3) ...
Setting up libhtml-tagset-perl (3.20-4) ...
Setting up liblwp-mediatypes-perl (6.04-1) ...
Setting up libfcgi-bin (2.4.2-2build2) ...
Setting up libencode-locale-perl (1.05-1.1) ...
Setting up libprotobuf-lite23:amd64 (3.12.4-1ubuntu7.22.04.1) ...
Setting up mecab-utils (0.996-14build9) ...
Setting up libio-html-perl (1.004-2) ...
Setting up libtimedate-perl (2.3300-2) ...
Setting up mysql-client-8.0 (8.0.35-0ubuntu0.22.04.1) ...
Setting up libfcgi-perl:amd64 (0.82+ds-1build1) ...
Setting up liburi-perl (5.10-1) ...
Setting up libevent-pthreads-2.1-7:amd64 (2.1.12-stable-1build3) ...
Setting up libhttp-date-perl (6.05-1) ...
Setting up mecab-ipadic (2.7.0-20070801+main-3) ...
Compiling IPA dictionary for Mecab.  This takes long time...
reading /usr/share/mecab/dic/ipadic/unk.def ... 40
emitting double-array: 100% |###########################################| 
/usr/share/mecab/dic/ipadic/model.def is not found. skipped.
reading /usr/share/mecab/dic/ipadic/Noun.others.csv ... 151
reading /usr/share/mecab/dic/ipadic/Noun.adverbal.csv ... 795
reading /usr/share/mecab/dic/ipadic/Noun.csv ... 60477
reading /usr/share/mecab/dic/ipadic/Noun.number.csv ... 42
reading /usr/share/mecab/dic/ipadic/Noun.proper.csv ... 27328
reading /usr/share/mecab/dic/ipadic/Filler.csv ... 19
reading /usr/share/mecab/dic/ipadic/Verb.csv ... 130750
reading /usr/share/mecab/dic/ipadic/Noun.name.csv ... 34202
reading /usr/share/mecab/dic/ipadic/Adverb.csv ... 3032
reading /usr/share/mecab/dic/ipadic/Conjunction.csv ... 171
reading /usr/share/mecab/dic/ipadic/Symbol.csv ... 208
reading /usr/share/mecab/dic/ipadic/Noun.verbal.csv ... 12146
reading /usr/share/mecab/dic/ipadic/Noun.place.csv ... 72999
reading /usr/share/mecab/dic/ipadic/Interjection.csv ... 252
reading /usr/share/mecab/dic/ipadic/Postp-col.csv ... 91
reading /usr/share/mecab/dic/ipadic/Adnominal.csv ... 135
reading /usr/share/mecab/dic/ipadic/Adj.csv ... 27210
reading /usr/share/mecab/dic/ipadic/Postp.csv ... 146
reading /usr/share/mecab/dic/ipadic/Suffix.csv ... 1393
reading /usr/share/mecab/dic/ipadic/Others.csv ... 2
reading /usr/share/mecab/dic/ipadic/Noun.demonst.csv ... 120
reading /usr/share/mecab/dic/ipadic/Auxil.csv ... 199
reading /usr/share/mecab/dic/ipadic/Prefix.csv ... 221
reading /usr/share/mecab/dic/ipadic/Noun.adjv.csv ... 3328
reading /usr/share/mecab/dic/ipadic/Noun.org.csv ... 16668
reading /usr/share/mecab/dic/ipadic/Noun.nai.csv ... 42
emitting double-array: 100% |###########################################| 
reading /usr/share/mecab/dic/ipadic/matrix.def ... 1316x1316
emitting matrix      : 100% |###########################################| 

done!
update-alternatives: using /var/lib/mecab/dic/ipadic to provide /var/lib/mecab/dic/debian (mecab-dictionary) in auto mode
Setting up mysql-server-core-8.0 (8.0.35-0ubuntu0.22.04.1) ...
Setting up mecab-ipadic-utf8 (2.7.0-20070801+main-3) ...
Compiling IPA dictionary for Mecab.  This takes long time...
reading /usr/share/mecab/dic/ipadic/unk.def ... 40
emitting double-array: 100% |###########################################| 
/usr/share/mecab/dic/ipadic/model.def is not found. skipped.
reading /usr/share/mecab/dic/ipadic/Noun.others.csv ... 151
reading /usr/share/mecab/dic/ipadic/Noun.adverbal.csv ... 795
reading /usr/share/mecab/dic/ipadic/Noun.csv ... 60477
reading /usr/share/mecab/dic/ipadic/Noun.number.csv ... 42
reading /usr/share/mecab/dic/ipadic/Noun.proper.csv ... 27328
reading /usr/share/mecab/dic/ipadic/Filler.csv ... 19
reading /usr/share/mecab/dic/ipadic/Verb.csv ... 130750
reading /usr/share/mecab/dic/ipadic/Noun.name.csv ... 34202
reading /usr/share/mecab/dic/ipadic/Adverb.csv ... 3032
reading /usr/share/mecab/dic/ipadic/Conjunction.csv ... 171
reading /usr/share/mecab/dic/ipadic/Symbol.csv ... 208
reading /usr/share/mecab/dic/ipadic/Noun.verbal.csv ... 12146
reading /usr/share/mecab/dic/ipadic/Noun.place.csv ... 72999
reading /usr/share/mecab/dic/ipadic/Interjection.csv ... 252
reading /usr/share/mecab/dic/ipadic/Postp-col.csv ... 91
reading /usr/share/mecab/dic/ipadic/Adnominal.csv ... 135
reading /usr/share/mecab/dic/ipadic/Adj.csv ... 27210
reading /usr/share/mecab/dic/ipadic/Postp.csv ... 146
reading /usr/share/mecab/dic/ipadic/Suffix.csv ... 1393
reading /usr/share/mecab/dic/ipadic/Others.csv ... 2
reading /usr/share/mecab/dic/ipadic/Noun.demonst.csv ... 120
reading /usr/share/mecab/dic/ipadic/Auxil.csv ... 199
reading /usr/share/mecab/dic/ipadic/Prefix.csv ... 221
reading /usr/share/mecab/dic/ipadic/Noun.adjv.csv ... 3328
reading /usr/share/mecab/dic/ipadic/Noun.org.csv ... 16668
reading /usr/share/mecab/dic/ipadic/Noun.nai.csv ... 42
emitting double-array: 100% |###########################################| 
reading /usr/share/mecab/dic/ipadic/matrix.def ... 1316x1316
emitting matrix      : 100% |###########################################| 

done!
update-alternatives: using /var/lib/mecab/dic/ipadic-utf8 to provide /var/lib/mecab/dic/debian (mecab-dictionary) in auto mode
Setting up libhtml-parser-perl:amd64 (3.76-1build2) ...
Setting up libhttp-message-perl (6.36-1) ...
Setting up mysql-server-8.0 (8.0.35-0ubuntu0.22.04.1) ...
update-alternatives: using /etc/mysql/mysql.cnf to provide /etc/mysql/my.cnf (my.cnf) in auto mode
Renaming removed key_buffer and myisam-recover options (if present)
mysqld will log errors to /var/log/mysql/error.log
mysqld is running as pid 8189
Created symlink /etc/systemd/system/multi-user.target.wants/mysql.service → /lib/systemd/system/mysql.service.
Setting up libcgi-pm-perl (4.54-1) ...
Setting up libhtml-template-perl (2.97-1.1) ...
Setting up mysql-server (8.0.35-0ubuntu0.22.04.1) ...
Setting up libcgi-fast-perl (1:2.15-1) ...
Processing triggers for man-db (2.10.2-1) ...
Processing triggers for libc-bin (2.35-0ubuntu3.4) ...
Scanning processes...                                                                                                 
Scanning linux images...                                                                                              

Running kernel seems to be up-to-date.

No services need to be restarted.

No containers need to be restarted.

No user sessions are running outdated binaries.

No VM guests are running outdated hypervisor (qemu) binaries on this host.
root@paleapp:/storage/mosquitto/config# sudo mysql
Welcome to the MySQL monitor.  Commands end with ; or \g.
Your MySQL connection id is 8
Server version: 8.0.35-0ubuntu0.22.04.1 (Ubuntu)

Copyright (c) 2000, 2023, Oracle and/or its affiliates.

Oracle is a registered trademark of Oracle Corporation and/or its
affiliates. Other names may be trademarks of their respective
owners.

Type 'help;' or '\h' for help. Type '\c' to clear the current input statement.

mysql> exit
Bye
root@paleapp:/storage/mosquitto/config# sudo apt install php libapache2-mod-php php-mysql
Reading package lists... Done
Building dependency tree... Done
Reading state information... Done
The following packages were automatically installed and are no longer required:
  libcjson1 libdlt2 libev4 libmosquitto1 libwebsockets16
Use 'sudo apt autoremove' to remove them.
The following additional packages will be installed:
  libapache2-mod-php8.1 php-common php8.1 php8.1-cli php8.1-common php8.1-mysql php8.1-opcache php8.1-readline
Suggested packages:
  php-pear
The following NEW packages will be installed:
  libapache2-mod-php libapache2-mod-php8.1 php php-common php-mysql php8.1 php8.1-cli php8.1-common php8.1-mysql
  php8.1-opcache php8.1-readline
0 upgraded, 11 newly installed, 0 to remove and 0 not upgraded.
Need to get 5265 kB of archives.
After this operation, 21.8 MB of additional disk space will be used.
Do you want to continue? [Y/n] Y
Get:1 http://us-central1.gce.archive.ubuntu.com/ubuntu jammy/main amd64 php-common all 2:92ubuntu1 [12.4 kB]
Get:2 http://us-central1.gce.archive.ubuntu.com/ubuntu jammy-updates/main amd64 php8.1-common amd64 8.1.2-1ubuntu2.14 [1127 kB]
Get:3 http://us-central1.gce.archive.ubuntu.com/ubuntu jammy-updates/main amd64 php8.1-opcache amd64 8.1.2-1ubuntu2.14 [365 kB]
Get:4 http://us-central1.gce.archive.ubuntu.com/ubuntu jammy-updates/main amd64 php8.1-readline amd64 8.1.2-1ubuntu2.14 [13.6 kB]
Get:5 http://us-central1.gce.archive.ubuntu.com/ubuntu jammy-updates/main amd64 php8.1-cli amd64 8.1.2-1ubuntu2.14 [1834 kB]
Get:6 http://us-central1.gce.archive.ubuntu.com/ubuntu jammy-updates/main amd64 libapache2-mod-php8.1 amd64 8.1.2-1ubuntu2.14 [1766 kB]
Get:7 http://us-central1.gce.archive.ubuntu.com/ubuntu jammy/main amd64 libapache2-mod-php all 2:8.1+92ubuntu1 [2898 B]
Get:8 http://us-central1.gce.archive.ubuntu.com/ubuntu jammy-updates/main amd64 php8.1 all 8.1.2-1ubuntu2.14 [9158 B]
Get:9 http://us-central1.gce.archive.ubuntu.com/ubuntu jammy/main amd64 php all 2:8.1+92ubuntu1 [2756 B]
Get:10 http://us-central1.gce.archive.ubuntu.com/ubuntu jammy-updates/main amd64 php8.1-mysql amd64 8.1.2-1ubuntu2.14 [130 kB]
Get:11 http://us-central1.gce.archive.ubuntu.com/ubuntu jammy/main amd64 php-mysql all 2:8.1+92ubuntu1 [1834 B]
Fetched 5265 kB in 1s (5684 kB/s)
Selecting previously unselected package php-common.
(Reading database ... 67171 files and directories currently installed.)
Preparing to unpack .../00-php-common_2%3a92ubuntu1_all.deb ...
Unpacking php-common (2:92ubuntu1) ...
Selecting previously unselected package php8.1-common.
Preparing to unpack .../01-php8.1-common_8.1.2-1ubuntu2.14_amd64.deb ...
Unpacking php8.1-common (8.1.2-1ubuntu2.14) ...
Selecting previously unselected package php8.1-opcache.
Preparing to unpack .../02-php8.1-opcache_8.1.2-1ubuntu2.14_amd64.deb ...
Unpacking php8.1-opcache (8.1.2-1ubuntu2.14) ...
Selecting previously unselected package php8.1-readline.
Preparing to unpack .../03-php8.1-readline_8.1.2-1ubuntu2.14_amd64.deb ...
Unpacking php8.1-readline (8.1.2-1ubuntu2.14) ...
Selecting previously unselected package php8.1-cli.
Preparing to unpack .../04-php8.1-cli_8.1.2-1ubuntu2.14_amd64.deb ...
Unpacking php8.1-cli (8.1.2-1ubuntu2.14) ...
Selecting previously unselected package libapache2-mod-php8.1.
Preparing to unpack .../05-libapache2-mod-php8.1_8.1.2-1ubuntu2.14_amd64.deb ...
Unpacking libapache2-mod-php8.1 (8.1.2-1ubuntu2.14) ...
Selecting previously unselected package libapache2-mod-php.
Preparing to unpack .../06-libapache2-mod-php_2%3a8.1+92ubuntu1_all.deb ...
Unpacking libapache2-mod-php (2:8.1+92ubuntu1) ...
Selecting previously unselected package php8.1.
Preparing to unpack .../07-php8.1_8.1.2-1ubuntu2.14_all.deb ...
Unpacking php8.1 (8.1.2-1ubuntu2.14) ...
Selecting previously unselected package php.
Preparing to unpack .../08-php_2%3a8.1+92ubuntu1_all.deb ...
Unpacking php (2:8.1+92ubuntu1) ...
Selecting previously unselected package php8.1-mysql.
Preparing to unpack .../09-php8.1-mysql_8.1.2-1ubuntu2.14_amd64.deb ...
Unpacking php8.1-mysql (8.1.2-1ubuntu2.14) ...
Selecting previously unselected package php-mysql.
Preparing to unpack .../10-php-mysql_2%3a8.1+92ubuntu1_all.deb ...
Unpacking php-mysql (2:8.1+92ubuntu1) ...
Setting up php-common (2:92ubuntu1) ...
Created symlink /etc/systemd/system/timers.target.wants/phpsessionclean.timer → /lib/systemd/system/phpsessionclean.timer.
Setting up php8.1-common (8.1.2-1ubuntu2.14) ...

Creating config file /etc/php/8.1/mods-available/calendar.ini with new version

Creating config file /etc/php/8.1/mods-available/ctype.ini with new version

Creating config file /etc/php/8.1/mods-available/exif.ini with new version

Creating config file /etc/php/8.1/mods-available/fileinfo.ini with new version

Creating config file /etc/php/8.1/mods-available/ffi.ini with new version

Creating config file /etc/php/8.1/mods-available/ftp.ini with new version

Creating config file /etc/php/8.1/mods-available/gettext.ini with new version

Creating config file /etc/php/8.1/mods-available/iconv.ini with new version

Creating config file /etc/php/8.1/mods-available/pdo.ini with new version

Creating config file /etc/php/8.1/mods-available/phar.ini with new version

Creating config file /etc/php/8.1/mods-available/posix.ini with new version

Creating config file /etc/php/8.1/mods-available/shmop.ini with new version

Creating config file /etc/php/8.1/mods-available/sockets.ini with new version

Creating config file /etc/php/8.1/mods-available/sysvmsg.ini with new version

Creating config file /etc/php/8.1/mods-available/sysvsem.ini with new version

Creating config file /etc/php/8.1/mods-available/sysvshm.ini with new version

Creating config file /etc/php/8.1/mods-available/tokenizer.ini with new version
Setting up php8.1-mysql (8.1.2-1ubuntu2.14) ...

Creating config file /etc/php/8.1/mods-available/mysqlnd.ini with new version

Creating config file /etc/php/8.1/mods-available/mysqli.ini with new version

Creating config file /etc/php/8.1/mods-available/pdo_mysql.ini with new version
Setting up php8.1-readline (8.1.2-1ubuntu2.14) ...

Creating config file /etc/php/8.1/mods-available/readline.ini with new version
Setting up php8.1-opcache (8.1.2-1ubuntu2.14) ...

Creating config file /etc/php/8.1/mods-available/opcache.ini with new version
Setting up php-mysql (2:8.1+92ubuntu1) ...
Setting up php8.1-cli (8.1.2-1ubuntu2.14) ...
update-alternatives: using /usr/bin/php8.1 to provide /usr/bin/php (php) in auto mode
update-alternatives: using /usr/bin/phar8.1 to provide /usr/bin/phar (phar) in auto mode
update-alternatives: using /usr/bin/phar.phar8.1 to provide /usr/bin/phar.phar (phar.phar) in auto mode

Creating config file /etc/php/8.1/cli/php.ini with new version
Setting up libapache2-mod-php8.1 (8.1.2-1ubuntu2.14) ...

Creating config file /etc/php/8.1/apache2/php.ini with new version
Module mpm_event disabled.
Enabling module mpm_prefork.
apache2_switch_mpm Switch to prefork
apache2_invoke: Enable module php8.1
Setting up php8.1 (8.1.2-1ubuntu2.14) ...
Setting up libapache2-mod-php (2:8.1+92ubuntu1) ...
Setting up php (2:8.1+92ubuntu1) ...
Processing triggers for man-db (2.10.2-1) ...
Processing triggers for php8.1-cli (8.1.2-1ubuntu2.14) ...
Processing triggers for libapache2-mod-php8.1 (8.1.2-1ubuntu2.14) ...
Scanning processes...                                                                                                 
Scanning linux images...                                                                                              

Running kernel seems to be up-to-date.

No services need to be restarted.

No containers need to be restarted.

No user sessions are running outdated binaries.

No VM guests are running outdated hypervisor (qemu) binaries on this host.
root@paleapp:/storage/mosquitto/config# sudo nano /var/www/html/info.php
root@paleapp:/storage/mosquitto/config# sudo apt install phpmyadmin php-mbstring php-zip php-gd php-json php-curl
Reading package lists... Done
Building dependency tree... Done
Reading state information... Done
The following packages were automatically installed and are no longer required:
  libcjson1 libdlt2 libev4 libmosquitto1 libwebsockets16
Use 'sudo apt autoremove' to remove them.
The following additional packages will be installed:
  dbconfig-common dbconfig-mysql fontconfig-config fonts-dejavu-core icc-profiles-free javascript-common libdeflate0
  libfontconfig1 libgd3 libjbig0 libjpeg-turbo8 libjpeg8 libjs-bootstrap4 libjs-codemirror libjs-jquery
  libjs-jquery-mousewheel libjs-jquery-timepicker libjs-jquery-ui libjs-popper.js libjs-sizzle libjs-sphinxdoc
  libjs-underscore libonig5 libtiff5 libwebp7 libxpm4 libzip4 node-jquery php-bz2 php-google-recaptcha
  php-mariadb-mysql-kbs php-nikic-fast-route php-phpmyadmin-motranslator php-phpmyadmin-shapefile
  php-phpmyadmin-sql-parser php-phpseclib php-psr-cache php-psr-container php-psr-log php-symfony-cache
  php-symfony-cache-contracts php-symfony-config php-symfony-dependency-injection php-symfony-deprecation-contracts
  php-symfony-expression-language php-symfony-filesystem php-symfony-polyfill-php80 php-symfony-polyfill-php81
  php-symfony-service-contracts php-symfony-var-exporter php-tcpdf php-twig php-twig-i18n-extension php-xml
  php8.1-bz2 php8.1-curl php8.1-gd php8.1-mbstring php8.1-xml php8.1-zip
Suggested packages:
  libgd-tools libjs-requirejs libjs-jquery-ui-docs php-dbase php-libsodium php-mcrypt php-gmp php-symfony-yaml
  php-symfony-finder php-symfony-proxy-manager-bridge php-imagick php-twig-doc php-recode www-browser php-gd2
  php-pragmarx-google2fa-qrcode php-samyoul-u2f-php-server
Recommended packages:
  php-mcrypt
The following NEW packages will be installed:
  dbconfig-common dbconfig-mysql fontconfig-config fonts-dejavu-core icc-profiles-free javascript-common libdeflate0
  libfontconfig1 libgd3 libjbig0 libjpeg-turbo8 libjpeg8 libjs-bootstrap4 libjs-codemirror libjs-jquery
  libjs-jquery-mousewheel libjs-jquery-timepicker libjs-jquery-ui libjs-popper.js libjs-sizzle libjs-sphinxdoc
  libjs-underscore libonig5 libtiff5 libwebp7 libxpm4 libzip4 node-jquery php-bz2 php-curl php-gd
  php-google-recaptcha php-json php-mariadb-mysql-kbs php-mbstring php-nikic-fast-route php-phpmyadmin-motranslator
  php-phpmyadmin-shapefile php-phpmyadmin-sql-parser php-phpseclib php-psr-cache php-psr-container php-psr-log
  php-symfony-cache php-symfony-cache-contracts php-symfony-config php-symfony-dependency-injection
  php-symfony-deprecation-contracts php-symfony-expression-language php-symfony-filesystem
  php-symfony-polyfill-php80 php-symfony-polyfill-php81 php-symfony-service-contracts php-symfony-var-exporter
  php-tcpdf php-twig php-twig-i18n-extension php-xml php-zip php8.1-bz2 php8.1-curl php8.1-gd php8.1-mbstring
  php8.1-xml php8.1-zip phpmyadmin
0 upgraded, 66 newly installed, 0 to remove and 0 not upgraded.
Need to get 20.0 MB of archives.
After this operation, 89.6 MB of additional disk space will be used.
Do you want to continue? [Y/n] Y
Get:1 http://us-central1.gce.archive.ubuntu.com/ubuntu jammy/universe amd64 dbconfig-common all 2.0.21 [597 kB]
Get:2 http://us-central1.gce.archive.ubuntu.com/ubuntu jammy/universe amd64 dbconfig-mysql all 2.0.21 [938 B]
Get:3 http://us-central1.gce.archive.ubuntu.com/ubuntu jammy/main amd64 fonts-dejavu-core all 2.37-2build1 [1041 kB]
Get:4 http://us-central1.gce.archive.ubuntu.com/ubuntu jammy/main amd64 fontconfig-config all 2.13.1-4.2ubuntu5 [29.1 kB]
Get:5 http://us-central1.gce.archive.ubuntu.com/ubuntu jammy/main amd64 icc-profiles-free all 2.0.1+dfsg-1.1 [214 kB]
Get:6 http://us-central1.gce.archive.ubuntu.com/ubuntu jammy/main amd64 javascript-common all 11+nmu1 [5936 B]
Get:7 http://us-central1.gce.archive.ubuntu.com/ubuntu jammy/main amd64 libdeflate0 amd64 1.10-2 [70.9 kB]
Get:8 http://us-central1.gce.archive.ubuntu.com/ubuntu jammy/main amd64 libfontconfig1 amd64 2.13.1-4.2ubuntu5 [131 kB]
Get:9 http://us-central1.gce.archive.ubuntu.com/ubuntu jammy/main amd64 libjpeg-turbo8 amd64 2.1.2-0ubuntu1 [134 kB]
Get:10 http://us-central1.gce.archive.ubuntu.com/ubuntu jammy/main amd64 libjpeg8 amd64 8c-2ubuntu10 [2264 B]
Get:11 http://us-central1.gce.archive.ubuntu.com/ubuntu jammy-updates/main amd64 libjbig0 amd64 2.1-3.1ubuntu0.22.04.1 [29.2 kB]
Get:12 http://us-central1.gce.archive.ubuntu.com/ubuntu jammy-updates/main amd64 libwebp7 amd64 1.2.2-2ubuntu0.22.04.2 [206 kB]
Get:13 http://us-central1.gce.archive.ubuntu.com/ubuntu jammy-updates/main amd64 libtiff5 amd64 4.3.0-6ubuntu0.7 [185 kB]
Get:14 http://us-central1.gce.archive.ubuntu.com/ubuntu jammy-updates/main amd64 libxpm4 amd64 1:3.5.12-1ubuntu0.22.04.2 [36.7 kB]
Get:15 http://us-central1.gce.archive.ubuntu.com/ubuntu jammy/main amd64 libgd3 amd64 2.3.0-2ubuntu2 [129 kB]
Get:16 http://us-central1.gce.archive.ubuntu.com/ubuntu jammy/universe amd64 libjs-popper.js all 1.16.1+ds-5 [53.8 kB]
Get:17 http://us-central1.gce.archive.ubuntu.com/ubuntu jammy/universe amd64 libjs-bootstrap4 all 4.6.0+dfsg1-4 [534 kB]
Get:18 http://us-central1.gce.archive.ubuntu.com/ubuntu jammy/main amd64 libjs-jquery all 3.6.0+dfsg+~3.5.13-1 [321 kB]
Get:19 http://us-central1.gce.archive.ubuntu.com/ubuntu jammy/universe amd64 libjs-jquery-mousewheel all 1:3.1.13-5 [6324 B]
Get:20 http://us-central1.gce.archive.ubuntu.com/ubuntu jammy/universe amd64 libjs-jquery-ui all 1.13.1+dfsg-1 [253 kB]
Get:21 http://us-central1.gce.archive.ubuntu.com/ubuntu jammy/universe amd64 libjs-jquery-timepicker all 1.6.3-1 [48.2 kB]
Get:22 http://us-central1.gce.archive.ubuntu.com/ubuntu jammy/universe amd64 libjs-sizzle all 2.3.6+ds+~2.3.3-1 [32.3 kB]
Get:23 http://us-central1.gce.archive.ubuntu.com/ubuntu jammy/main amd64 libjs-underscore all 1.13.2~dfsg-2 [118 kB]
Get:24 http://us-central1.gce.archive.ubuntu.com/ubuntu jammy/main amd64 libjs-sphinxdoc all 4.3.2-1 [139 kB]
Get:25 http://us-central1.gce.archive.ubuntu.com/ubuntu jammy/main amd64 libonig5 amd64 6.9.7.1-2build1 [172 kB]
Get:26 http://us-central1.gce.archive.ubuntu.com/ubuntu jammy/universe amd64 libzip4 amd64 1.7.3-1ubuntu2 [55.0 kB]
Get:27 http://us-central1.gce.archive.ubuntu.com/ubuntu jammy/universe amd64 node-jquery all 3.6.0+dfsg+~3.5.13-1 [160 kB]
Get:28 http://us-central1.gce.archive.ubuntu.com/ubuntu jammy-updates/universe amd64 php8.1-bz2 amd64 8.1.2-1ubuntu2.14 [11.5 kB]
Get:29 http://us-central1.gce.archive.ubuntu.com/ubuntu jammy/universe amd64 php-bz2 all 2:8.1+92ubuntu1 [1832 B]
Get:30 http://us-central1.gce.archive.ubuntu.com/ubuntu jammy-updates/main amd64 php8.1-curl amd64 8.1.2-1ubuntu2.14 [38.7 kB]
Get:31 http://us-central1.gce.archive.ubuntu.com/ubuntu jammy/main amd64 php-curl all 2:8.1+92ubuntu1 [1834 B]
Get:32 http://us-central1.gce.archive.ubuntu.com/ubuntu jammy-updates/main amd64 php8.1-gd amd64 8.1.2-1ubuntu2.14 [32.9 kB]
Get:33 http://us-central1.gce.archive.ubuntu.com/ubuntu jammy/main amd64 php-gd all 2:8.1+92ubuntu1 [1828 B]
Get:34 http://us-central1.gce.archive.ubuntu.com/ubuntu jammy/universe amd64 php-google-recaptcha all 1.2.4-3 [17.1 kB]
Get:35 http://us-central1.gce.archive.ubuntu.com/ubuntu jammy/main amd64 php-json all 2:8.1+92ubuntu1 [1834 B]
Get:36 http://us-central1.gce.archive.ubuntu.com/ubuntu jammy/universe amd64 php-mariadb-mysql-kbs all 1.2.12-1 [31.5 kB]
Get:37 http://us-central1.gce.archive.ubuntu.com/ubuntu jammy-updates/main amd64 php8.1-mbstring amd64 8.1.2-1ubuntu2.14 [483 kB]
Get:38 http://us-central1.gce.archive.ubuntu.com/ubuntu jammy/universe amd64 php-mbstring all 2:8.1+92ubuntu1 [1844 B]
Get:39 http://us-central1.gce.archive.ubuntu.com/ubuntu jammy/universe amd64 php-nikic-fast-route all 1.3.0-3 [13.0 kB]
Get:40 http://us-central1.gce.archive.ubuntu.com/ubuntu jammy/universe amd64 php-psr-cache all 3.0.0-1 [5680 B]
Get:41 http://us-central1.gce.archive.ubuntu.com/ubuntu jammy/universe amd64 php-psr-log all 3.0.0-1 [6862 B]
Get:42 http://us-central1.gce.archive.ubuntu.com/ubuntu jammy/universe amd64 php-symfony-cache-contracts all 2.4.0-1ubuntu2 [7132 B]
Get:43 http://us-central1.gce.archive.ubuntu.com/ubuntu jammy/universe amd64 php-symfony-deprecation-contracts all 2.4.0-1ubuntu2 [4700 B]
Get:44 http://us-central1.gce.archive.ubuntu.com/ubuntu jammy/universe amd64 php-symfony-polyfill-php80 all 1.24.0-1ubuntu2 [6642 B]
Get:45 http://us-central1.gce.archive.ubuntu.com/ubuntu jammy/universe amd64 php-psr-container all 2.0.2-1 [3878 B]
Get:46 http://us-central1.gce.archive.ubuntu.com/ubuntu jammy/universe amd64 php-symfony-service-contracts all 2.4.0-1ubuntu2 [8136 B]
Get:47 http://us-central1.gce.archive.ubuntu.com/ubuntu jammy/universe amd64 php-symfony-var-exporter all 5.4.4+dfsg-1ubuntu8 [19.1 kB]
Get:48 http://us-central1.gce.archive.ubuntu.com/ubuntu jammy/universe amd64 php-symfony-cache all 5.4.4+dfsg-1ubuntu8 [56.9 kB]
Get:49 http://us-central1.gce.archive.ubuntu.com/ubuntu jammy/universe amd64 php-symfony-expression-language all 5.4.4+dfsg-1ubuntu8 [21.0 kB]
Get:50 http://us-central1.gce.archive.ubuntu.com/ubuntu jammy/universe amd64 php-phpmyadmin-motranslator all 5.2.0-1build1 [11.5 kB]
Get:51 http://us-central1.gce.archive.ubuntu.com/ubuntu jammy/universe amd64 php-phpmyadmin-shapefile all 2.1-5 [45.1 kB]
Get:52 http://us-central1.gce.archive.ubuntu.com/ubuntu jammy/universe amd64 php-phpmyadmin-sql-parser all 5.4.1-2 [75.8 kB]
Get:53 http://us-central1.gce.archive.ubuntu.com/ubuntu jammy/universe amd64 php-phpseclib all 2.0.36-1 [198 kB]
Get:54 http://us-central1.gce.archive.ubuntu.com/ubuntu jammy/universe amd64 php-symfony-filesystem all 5.4.4+dfsg-1ubuntu8 [23.9 kB]
Get:55 http://us-central1.gce.archive.ubuntu.com/ubuntu jammy/universe amd64 php-symfony-polyfill-php81 all 1.24.0-1ubuntu2 [5218 B]
Get:56 http://us-central1.gce.archive.ubuntu.com/ubuntu jammy/universe amd64 php-symfony-config all 5.4.4+dfsg-1ubuntu8 [49.7 kB]
Get:57 http://us-central1.gce.archive.ubuntu.com/ubuntu jammy/universe amd64 php-symfony-dependency-injection all 5.4.4+dfsg-1ubuntu8 [115 kB]
Get:58 http://us-central1.gce.archive.ubuntu.com/ubuntu jammy/universe amd64 php-tcpdf all 6.4.4+dfsg1-1 [8063 kB]
Get:59 http://us-central1.gce.archive.ubuntu.com/ubuntu jammy/universe amd64 php-twig all 3.3.8-2ubuntu4 [83.4 kB]
Get:60 http://us-central1.gce.archive.ubuntu.com/ubuntu jammy/universe amd64 php-twig-i18n-extension all 3.0.0-2 [7756 B]
Get:61 http://us-central1.gce.archive.ubuntu.com/ubuntu jammy-updates/main amd64 php8.1-xml amd64 8.1.2-1ubuntu2.14 [120 kB]
Get:62 http://us-central1.gce.archive.ubuntu.com/ubuntu jammy/main amd64 php-xml all 2:8.1+92ubuntu1 [1850 B]
Get:63 http://us-central1.gce.archive.ubuntu.com/ubuntu jammy-updates/universe amd64 php8.1-zip amd64 8.1.2-1ubuntu2.14 [27.1 kB]
Get:64 http://us-central1.gce.archive.ubuntu.com/ubuntu jammy/universe amd64 php-zip all 2:8.1+92ubuntu1 [1830 B]
Get:65 http://us-central1.gce.archive.ubuntu.com/ubuntu jammy/universe amd64 libjs-codemirror all 5.65.0+~cs5.83.9-1 [757 kB]
Get:66 http://us-central1.gce.archive.ubuntu.com/ubuntu jammy/universe amd64 phpmyadmin all 4:5.1.1+dfsg1-5ubuntu1 [4937 kB]
Fetched 20.0 MB in 3s (6281 kB/s) 
Extracting templates from packages: 100%
Preconfiguring packages ...
Selecting previously unselected package dbconfig-common.
(Reading database ... 67320 files and directories currently installed.)
Preparing to unpack .../00-dbconfig-common_2.0.21_all.deb ...
Unpacking dbconfig-common (2.0.21) ...
Selecting previously unselected package dbconfig-mysql.
Preparing to unpack .../01-dbconfig-mysql_2.0.21_all.deb ...
Unpacking dbconfig-mysql (2.0.21) ...
Selecting previously unselected package fonts-dejavu-core.
Preparing to unpack .../02-fonts-dejavu-core_2.37-2build1_all.deb ...
Unpacking fonts-dejavu-core (2.37-2build1) ...
Selecting previously unselected package fontconfig-config.
Preparing to unpack .../03-fontconfig-config_2.13.1-4.2ubuntu5_all.deb ...
Unpacking fontconfig-config (2.13.1-4.2ubuntu5) ...
Selecting previously unselected package icc-profiles-free.
Preparing to unpack .../04-icc-profiles-free_2.0.1+dfsg-1.1_all.deb ...
Unpacking icc-profiles-free (2.0.1+dfsg-1.1) ...
Selecting previously unselected package javascript-common.
Preparing to unpack .../05-javascript-common_11+nmu1_all.deb ...
Unpacking javascript-common (11+nmu1) ...
Selecting previously unselected package libdeflate0:amd64.
Preparing to unpack .../06-libdeflate0_1.10-2_amd64.deb ...
Unpacking libdeflate0:amd64 (1.10-2) ...
Selecting previously unselected package libfontconfig1:amd64.
Preparing to unpack .../07-libfontconfig1_2.13.1-4.2ubuntu5_amd64.deb ...
Unpacking libfontconfig1:amd64 (2.13.1-4.2ubuntu5) ...
Selecting previously unselected package libjpeg-turbo8:amd64.
Preparing to unpack .../08-libjpeg-turbo8_2.1.2-0ubuntu1_amd64.deb ...
Unpacking libjpeg-turbo8:amd64 (2.1.2-0ubuntu1) ...
Selecting previously unselected package libjpeg8:amd64.
Preparing to unpack .../09-libjpeg8_8c-2ubuntu10_amd64.deb ...
Unpacking libjpeg8:amd64 (8c-2ubuntu10) ...
Selecting previously unselected package libjbig0:amd64.
Preparing to unpack .../10-libjbig0_2.1-3.1ubuntu0.22.04.1_amd64.deb ...
Unpacking libjbig0:amd64 (2.1-3.1ubuntu0.22.04.1) ...
Selecting previously unselected package libwebp7:amd64.
Preparing to unpack .../11-libwebp7_1.2.2-2ubuntu0.22.04.2_amd64.deb ...
Unpacking libwebp7:amd64 (1.2.2-2ubuntu0.22.04.2) ...
Selecting previously unselected package libtiff5:amd64.
Preparing to unpack .../12-libtiff5_4.3.0-6ubuntu0.7_amd64.deb ...
Unpacking libtiff5:amd64 (4.3.0-6ubuntu0.7) ...
Selecting previously unselected package libxpm4:amd64.
Preparing to unpack .../13-libxpm4_1%3a3.5.12-1ubuntu0.22.04.2_amd64.deb ...
Unpacking libxpm4:amd64 (1:3.5.12-1ubuntu0.22.04.2) ...
Selecting previously unselected package libgd3:amd64.
Preparing to unpack .../14-libgd3_2.3.0-2ubuntu2_amd64.deb ...
Unpacking libgd3:amd64 (2.3.0-2ubuntu2) ...
Selecting previously unselected package libjs-popper.js.
Preparing to unpack .../15-libjs-popper.js_1.16.1+ds-5_all.deb ...
Unpacking libjs-popper.js (1.16.1+ds-5) ...
Selecting previously unselected package libjs-bootstrap4.
Preparing to unpack .../16-libjs-bootstrap4_4.6.0+dfsg1-4_all.deb ...
Unpacking libjs-bootstrap4 (4.6.0+dfsg1-4) ...
Selecting previously unselected package libjs-jquery.
Preparing to unpack .../17-libjs-jquery_3.6.0+dfsg+~3.5.13-1_all.deb ...
Unpacking libjs-jquery (3.6.0+dfsg+~3.5.13-1) ...
Selecting previously unselected package libjs-jquery-mousewheel.
Preparing to unpack .../18-libjs-jquery-mousewheel_1%3a3.1.13-5_all.deb ...
Unpacking libjs-jquery-mousewheel (1:3.1.13-5) ...
Selecting previously unselected package libjs-jquery-ui.
Preparing to unpack .../19-libjs-jquery-ui_1.13.1+dfsg-1_all.deb ...
Unpacking libjs-jquery-ui (1.13.1+dfsg-1) ...
Selecting previously unselected package libjs-jquery-timepicker.
Preparing to unpack .../20-libjs-jquery-timepicker_1.6.3-1_all.deb ...
Unpacking libjs-jquery-timepicker (1.6.3-1) ...
Selecting previously unselected package libjs-sizzle.
Preparing to unpack .../21-libjs-sizzle_2.3.6+ds+~2.3.3-1_all.deb ...
Unpacking libjs-sizzle (2.3.6+ds+~2.3.3-1) ...
Selecting previously unselected package libjs-underscore.
Preparing to unpack .../22-libjs-underscore_1.13.2~dfsg-2_all.deb ...
Unpacking libjs-underscore (1.13.2~dfsg-2) ...
Selecting previously unselected package libjs-sphinxdoc.
Preparing to unpack .../23-libjs-sphinxdoc_4.3.2-1_all.deb ...
Unpacking libjs-sphinxdoc (4.3.2-1) ...
Selecting previously unselected package libonig5:amd64.
Preparing to unpack .../24-libonig5_6.9.7.1-2build1_amd64.deb ...
Unpacking libonig5:amd64 (6.9.7.1-2build1) ...
Selecting previously unselected package libzip4:amd64.
Preparing to unpack .../25-libzip4_1.7.3-1ubuntu2_amd64.deb ...
Unpacking libzip4:amd64 (1.7.3-1ubuntu2) ...
Selecting previously unselected package node-jquery.
Preparing to unpack .../26-node-jquery_3.6.0+dfsg+~3.5.13-1_all.deb ...
Unpacking node-jquery (3.6.0+dfsg+~3.5.13-1) ...
Selecting previously unselected package php8.1-bz2.
Preparing to unpack .../27-php8.1-bz2_8.1.2-1ubuntu2.14_amd64.deb ...
Unpacking php8.1-bz2 (8.1.2-1ubuntu2.14) ...
Selecting previously unselected package php-bz2.
Preparing to unpack .../28-php-bz2_2%3a8.1+92ubuntu1_all.deb ...
Unpacking php-bz2 (2:8.1+92ubuntu1) ...
Selecting previously unselected package php8.1-curl.
Preparing to unpack .../29-php8.1-curl_8.1.2-1ubuntu2.14_amd64.deb ...
Unpacking php8.1-curl (8.1.2-1ubuntu2.14) ...
Selecting previously unselected package php-curl.
Preparing to unpack .../30-php-curl_2%3a8.1+92ubuntu1_all.deb ...
Unpacking php-curl (2:8.1+92ubuntu1) ...
Selecting previously unselected package php8.1-gd.
Preparing to unpack .../31-php8.1-gd_8.1.2-1ubuntu2.14_amd64.deb ...
Unpacking php8.1-gd (8.1.2-1ubuntu2.14) ...
Selecting previously unselected package php-gd.
Preparing to unpack .../32-php-gd_2%3a8.1+92ubuntu1_all.deb ...
Unpacking php-gd (2:8.1+92ubuntu1) ...
Selecting previously unselected package php-google-recaptcha.
Preparing to unpack .../33-php-google-recaptcha_1.2.4-3_all.deb ...
Unpacking php-google-recaptcha (1.2.4-3) ...
Selecting previously unselected package php-json.
Preparing to unpack .../34-php-json_2%3a8.1+92ubuntu1_all.deb ...
Unpacking php-json (2:8.1+92ubuntu1) ...
Selecting previously unselected package php-mariadb-mysql-kbs.
Preparing to unpack .../35-php-mariadb-mysql-kbs_1.2.12-1_all.deb ...
Unpacking php-mariadb-mysql-kbs (1.2.12-1) ...
Selecting previously unselected package php8.1-mbstring.
Preparing to unpack .../36-php8.1-mbstring_8.1.2-1ubuntu2.14_amd64.deb ...
Unpacking php8.1-mbstring (8.1.2-1ubuntu2.14) ...
Selecting previously unselected package php-mbstring.
Preparing to unpack .../37-php-mbstring_2%3a8.1+92ubuntu1_all.deb ...
Unpacking php-mbstring (2:8.1+92ubuntu1) ...
Selecting previously unselected package php-nikic-fast-route.
Preparing to unpack .../38-php-nikic-fast-route_1.3.0-3_all.deb ...
Unpacking php-nikic-fast-route (1.3.0-3) ...
Selecting previously unselected package php-psr-cache.
Preparing to unpack .../39-php-psr-cache_3.0.0-1_all.deb ...
Unpacking php-psr-cache (3.0.0-1) ...
Selecting previously unselected package php-psr-log.
Preparing to unpack .../40-php-psr-log_3.0.0-1_all.deb ...
Unpacking php-psr-log (3.0.0-1) ...
Selecting previously unselected package php-symfony-cache-contracts.
Preparing to unpack .../41-php-symfony-cache-contracts_2.4.0-1ubuntu2_all.deb ...
Unpacking php-symfony-cache-contracts (2.4.0-1ubuntu2) ...
Selecting previously unselected package php-symfony-deprecation-contracts.
Preparing to unpack .../42-php-symfony-deprecation-contracts_2.4.0-1ubuntu2_all.deb ...
Unpacking php-symfony-deprecation-contracts (2.4.0-1ubuntu2) ...
Selecting previously unselected package php-symfony-polyfill-php80.
Preparing to unpack .../43-php-symfony-polyfill-php80_1.24.0-1ubuntu2_all.deb ...
Unpacking php-symfony-polyfill-php80 (1.24.0-1ubuntu2) ...
Selecting previously unselected package php-psr-container.
Preparing to unpack .../44-php-psr-container_2.0.2-1_all.deb ...
Unpacking php-psr-container (2.0.2-1) ...
Selecting previously unselected package php-symfony-service-contracts.
Preparing to unpack .../45-php-symfony-service-contracts_2.4.0-1ubuntu2_all.deb ...
Unpacking php-symfony-service-contracts (2.4.0-1ubuntu2) ...
Selecting previously unselected package php-symfony-var-exporter.
Preparing to unpack .../46-php-symfony-var-exporter_5.4.4+dfsg-1ubuntu8_all.deb ...
Unpacking php-symfony-var-exporter (5.4.4+dfsg-1ubuntu8) ...
Selecting previously unselected package php-symfony-cache.
Preparing to unpack .../47-php-symfony-cache_5.4.4+dfsg-1ubuntu8_all.deb ...
Unpacking php-symfony-cache (5.4.4+dfsg-1ubuntu8) ...
Selecting previously unselected package php-symfony-expression-language.
Preparing to unpack .../48-php-symfony-expression-language_5.4.4+dfsg-1ubuntu8_all.deb ...
Unpacking php-symfony-expression-language (5.4.4+dfsg-1ubuntu8) ...
Selecting previously unselected package php-phpmyadmin-motranslator.
Preparing to unpack .../49-php-phpmyadmin-motranslator_5.2.0-1build1_all.deb ...
Unpacking php-phpmyadmin-motranslator (5.2.0-1build1) ...
Selecting previously unselected package php-phpmyadmin-shapefile.
Preparing to unpack .../50-php-phpmyadmin-shapefile_2.1-5_all.deb ...
Unpacking php-phpmyadmin-shapefile (2.1-5) ...
Selecting previously unselected package php-phpmyadmin-sql-parser.
Preparing to unpack .../51-php-phpmyadmin-sql-parser_5.4.1-2_all.deb ...
Unpacking php-phpmyadmin-sql-parser (5.4.1-2) ...
Selecting previously unselected package php-phpseclib.
Preparing to unpack .../52-php-phpseclib_2.0.36-1_all.deb ...
Unpacking php-phpseclib (2.0.36-1) ...
Selecting previously unselected package php-symfony-filesystem.
Preparing to unpack .../53-php-symfony-filesystem_5.4.4+dfsg-1ubuntu8_all.deb ...
Unpacking php-symfony-filesystem (5.4.4+dfsg-1ubuntu8) ...
Selecting previously unselected package php-symfony-polyfill-php81.
Preparing to unpack .../54-php-symfony-polyfill-php81_1.24.0-1ubuntu2_all.deb ...
Unpacking php-symfony-polyfill-php81 (1.24.0-1ubuntu2) ...
Selecting previously unselected package php-symfony-config.
Preparing to unpack .../55-php-symfony-config_5.4.4+dfsg-1ubuntu8_all.deb ...
Unpacking php-symfony-config (5.4.4+dfsg-1ubuntu8) ...
Selecting previously unselected package php-symfony-dependency-injection.
Preparing to unpack .../56-php-symfony-dependency-injection_5.4.4+dfsg-1ubuntu8_all.deb ...
Unpacking php-symfony-dependency-injection (5.4.4+dfsg-1ubuntu8) ...
Selecting previously unselected package php-tcpdf.
Preparing to unpack .../57-php-tcpdf_6.4.4+dfsg1-1_all.deb ...
Unpacking php-tcpdf (6.4.4+dfsg1-1) ...
Selecting previously unselected package php-twig.
Preparing to unpack .../58-php-twig_3.3.8-2ubuntu4_all.deb ...
Unpacking php-twig (3.3.8-2ubuntu4) ...
Selecting previously unselected package php-twig-i18n-extension.
Preparing to unpack .../59-php-twig-i18n-extension_3.0.0-2_all.deb ...
Unpacking php-twig-i18n-extension (3.0.0-2) ...
Selecting previously unselected package php8.1-xml.
Preparing to unpack .../60-php8.1-xml_8.1.2-1ubuntu2.14_amd64.deb ...
Unpacking php8.1-xml (8.1.2-1ubuntu2.14) ...
Selecting previously unselected package php-xml.
Preparing to unpack .../61-php-xml_2%3a8.1+92ubuntu1_all.deb ...
Unpacking php-xml (2:8.1+92ubuntu1) ...
Selecting previously unselected package php8.1-zip.
Preparing to unpack .../62-php8.1-zip_8.1.2-1ubuntu2.14_amd64.deb ...
Unpacking php8.1-zip (8.1.2-1ubuntu2.14) ...
Selecting previously unselected package php-zip.
Preparing to unpack .../63-php-zip_2%3a8.1+92ubuntu1_all.deb ...
Unpacking php-zip (2:8.1+92ubuntu1) ...
Selecting previously unselected package libjs-codemirror.
Preparing to unpack .../64-libjs-codemirror_5.65.0+~cs5.83.9-1_all.deb ...
Unpacking libjs-codemirror (5.65.0+~cs5.83.9-1) ...
Selecting previously unselected package phpmyadmin.
Preparing to unpack .../65-phpmyadmin_4%3a5.1.1+dfsg1-5ubuntu1_all.deb ...
Unpacking phpmyadmin (4:5.1.1+dfsg1-5ubuntu1) ...
Setting up javascript-common (11+nmu1) ...
apache2_invoke: Enable configuration javascript-common
Setting up libxpm4:amd64 (1:3.5.12-1ubuntu0.22.04.2) ...
Setting up libjs-popper.js (1.16.1+ds-5) ...
Setting up php8.1-bz2 (8.1.2-1ubuntu2.14) ...

Creating config file /etc/php/8.1/mods-available/bz2.ini with new version
Setting up php-json (2:8.1+92ubuntu1) ...
Setting up php-bz2 (2:8.1+92ubuntu1) ...
Setting up php-phpmyadmin-shapefile (2.1-5) ...
Setting up libzip4:amd64 (1.7.3-1ubuntu2) ...
Setting up php-psr-container (2.0.2-1) ...
Setting up libjs-jquery-mousewheel (1:3.1.13-5) ...
Setting up libdeflate0:amd64 (1.10-2) ...
Setting up php-symfony-service-contracts (2.4.0-1ubuntu2) ...
Setting up dbconfig-common (2.0.21) ...

Creating config file /etc/dbconfig-common/config with new version
Setting up php-mariadb-mysql-kbs (1.2.12-1) ...
Setting up libjs-sizzle (2.3.6+ds+~2.3.3-1) ...
Setting up libjbig0:amd64 (2.1-3.1ubuntu0.22.04.1) ...
Setting up php8.1-curl (8.1.2-1ubuntu2.14) ...

Creating config file /etc/php/8.1/mods-available/curl.ini with new version
Setting up php-phpseclib (2.0.36-1) ...
Setting up php8.1-xml (8.1.2-1ubuntu2.14) ...

Creating config file /etc/php/8.1/mods-available/dom.ini with new version

Creating config file /etc/php/8.1/mods-available/simplexml.ini with new version

Creating config file /etc/php/8.1/mods-available/xml.ini with new version

Creating config file /etc/php/8.1/mods-available/xmlreader.ini with new version

Creating config file /etc/php/8.1/mods-available/xmlwriter.ini with new version

Creating config file /etc/php/8.1/mods-available/xsl.ini with new version
Setting up libjs-codemirror (5.65.0+~cs5.83.9-1) ...
Setting up icc-profiles-free (2.0.1+dfsg-1.1) ...
Setting up php-psr-cache (3.0.0-1) ...
Setting up fonts-dejavu-core (2.37-2build1) ...
Setting up libjpeg-turbo8:amd64 (2.1.2-0ubuntu1) ...
Setting up libwebp7:amd64 (1.2.2-2ubuntu0.22.04.2) ...
Setting up php-psr-log (3.0.0-1) ...
Setting up php-nikic-fast-route (1.3.0-3) ...
Setting up php-symfony-polyfill-php80 (1.24.0-1ubuntu2) ...
Setting up php8.1-zip (8.1.2-1ubuntu2.14) ...

Creating config file /etc/php/8.1/mods-available/zip.ini with new version
Setting up php-symfony-polyfill-php81 (1.24.0-1ubuntu2) ...
Setting up libjs-bootstrap4 (4.6.0+dfsg1-4) ...
Setting up php-google-recaptcha (1.2.4-3) ...
Setting up php-symfony-var-exporter (5.4.4+dfsg-1ubuntu8) ...
Setting up libjs-jquery (3.6.0+dfsg+~3.5.13-1) ...
Setting up libonig5:amd64 (6.9.7.1-2build1) ...
Setting up node-jquery (3.6.0+dfsg+~3.5.13-1) ...
Setting up libjs-underscore (1.13.2~dfsg-2) ...
Setting up php-symfony-deprecation-contracts (2.4.0-1ubuntu2) ...
Setting up libjpeg8:amd64 (8c-2ubuntu10) ...
Setting up php-xml (2:8.1+92ubuntu1) ...
Setting up php-curl (2:8.1+92ubuntu1) ...
Setting up php-symfony-cache-contracts (2.4.0-1ubuntu2) ...
Setting up php-tcpdf (6.4.4+dfsg1-1) ...
Setting up php8.1-mbstring (8.1.2-1ubuntu2.14) ...

Creating config file /etc/php/8.1/mods-available/mbstring.ini with new version
Setting up fontconfig-config (2.13.1-4.2ubuntu5) ...
Setting up php-symfony-dependency-injection (5.4.4+dfsg-1ubuntu8) ...
Setting up dbconfig-mysql (2.0.21) ...
Setting up php-mbstring (2:8.1+92ubuntu1) ...
Setting up libjs-jquery-ui (1.13.1+dfsg-1) ...
Setting up php-symfony-filesystem (5.4.4+dfsg-1ubuntu8) ...
Setting up php-symfony-cache (5.4.4+dfsg-1ubuntu8) ...
Setting up php-symfony-expression-language (5.4.4+dfsg-1ubuntu8) ...
Setting up php-phpmyadmin-sql-parser (5.4.1-2) ...
Setting up php-twig (3.3.8-2ubuntu4) ...
Setting up libjs-sphinxdoc (4.3.2-1) ...
Setting up php-symfony-config (5.4.4+dfsg-1ubuntu8) ...
Setting up php-zip (2:8.1+92ubuntu1) ...
Setting up libjs-jquery-timepicker (1.6.3-1) ...
Setting up libtiff5:amd64 (4.3.0-6ubuntu0.7) ...
Setting up libfontconfig1:amd64 (2.13.1-4.2ubuntu5) ...
Setting up php-twig-i18n-extension (3.0.0-2) ...
Setting up php-phpmyadmin-motranslator (5.2.0-1build1) ...
Setting up libgd3:amd64 (2.3.0-2ubuntu2) ...
Setting up php8.1-gd (8.1.2-1ubuntu2.14) ...

Creating config file /etc/php/8.1/mods-available/gd.ini with new version
Setting up phpmyadmin (4:5.1.1+dfsg1-5ubuntu1) ...
Determining localhost credentials from /etc/mysql/debian.cnf: succeeded.
dbconfig-common: writing config to /etc/dbconfig-common/phpmyadmin.conf

Creating config file /etc/dbconfig-common/phpmyadmin.conf with new version

Creating config file /etc/phpmyadmin/config-db.php with new version
checking privileges on database phpmyadmin for phpmyadmin@localhost: user creation needed.
granting access to database phpmyadmin for phpmyadmin@localhost: success.
verifying access for phpmyadmin@localhost: success.
creating database phpmyadmin: success.
verifying database phpmyadmin exists: success.
populating database via sql...  done.
dbconfig-common: flushing administrative password
apache2_invoke: Enable configuration phpmyadmin
Setting up php-gd (2:8.1+92ubuntu1) ...
Processing triggers for libc-bin (2.35-0ubuntu3.4) ...
Processing triggers for man-db (2.10.2-1) ...
Processing triggers for libapache2-mod-php8.1 (8.1.2-1ubuntu2.14) ...
Processing triggers for php8.1-cli (8.1.2-1ubuntu2.14) ...
Scanning processes...                                                                                                 
Scanning linux images...                                                                                              

Running kernel seems to be up-to-date.

No services need to be restarted.

No containers need to be restarted.

No user sessions are running outdated binaries.

No VM guests are running outdated hypervisor (qemu) binaries on this host.
root@paleapp:/storage/mosquitto/config# sudo phpenmod mbstring
root@paleapp:/storage/mosquitto/config# sudo systemctl restart apache2
root@paleapp:/storage/mosquitto/config# mysql
Welcome to the MySQL monitor.  Commands end with ; or \g.
Your MySQL connection id is 46
Server version: 8.0.35-0ubuntu0.22.04.1 (Ubuntu)

Copyright (c) 2000, 2023, Oracle and/or its affiliates.

Oracle is a registered trademark of Oracle Corporation and/or its
affiliates. Other names may be trademarks of their respective
owners.

Type 'help;' or '\h' for help. Type '\c' to clear the current input statement.

mysql> GRANT ALL PRIVILEGES ON *.* TO 'phpmyadmin'@'localhost' WITH GRANT OPTION
    -> ;
Query OK, 0 rows affected (0.13 sec)

mysql> FLUSH PRIVILEGES;
Query OK, 0 rows affected (0.02 sec)

mysql> exit
Bye
root@paleapp:/storage/mosquitto/config# sudo nano /etc/mysql/mysql.conf.d/mysqld.cnf
root@paleapp:/storage/mosquitto/config# systemctl restart mysql
root@paleapp:/storage/mosquitto/config# 
